swiss-post-evoting	Source Code
swiss-post-evoting	System Specification
swiss-post-evoting	Scenarios with Special Bounties
swiss-post-evoting	Protocol of the Swiss Post Voting System
ant-group-security-response-center-bug-bounty-program	Any Other Applications found here: https://security-en.alipay.com/home
swiss-post	(*.post.ch:80|*.post.ch:443) AND 194.41.128.0/17
bug-bounty-program-blablacar	https://edge.blablacar.(fr|de|co.uk|in|es|mx|be|hr|hu|it|nl|pl|com.br|pt|ro|ru|com|tr|com.ua))
outscale	Any resource created or accessed with the Outscale Cloud on eu-west-2 region -  created by the Hunter
withings-public-program	Body Scan scale
withings-public-program	Body Comp scale
withings-public-program	Scanwatch Light
withings-public-program	Scanwatch 2
withings-public-program	Scanwatch Nova
withings-public-program	Scanwatch
tencent-bug-bounty-program	In-Scope Products (for the full list please visit https://en.security.tencent.com/index.php/policy)
swiss-post-evoting	Source Code
swiss-post-evoting	System Specification
swiss-post-evoting	Scenarios with Special Bounties
swiss-post-evoting	Protocol of the Swiss Post Voting System
ant-group-security-response-center-bug-bounty-program	Any Other Applications found here: https://security-en.alipay.com/home
bug-bounty-program-blablacar	https://edge.blablacar.(fr|de|co.uk|in|es|mx|be|hr|hu|it|nl|pl|com.br|pt|ro|ru|com|tr|com.ua))
outscale	Any resource created or accessed with the Outscale Cloud on eu-west-2 region -  created by the Hunter
tencent-bug-bounty-program	In-Scope Products (for the full list please visit https://en.security.tencent.com/index.php/policy)
swiss-post-evoting	Source Code
swiss-post-evoting	System Specification
swiss-post-evoting	Scenarios with Special Bounties
swiss-post-evoting	Protocol of the Swiss Post Voting System
ant-group-security-response-center-bug-bounty-program	Any Other Applications found here: https://security-en.alipay.com/home
swiss-post	(*.post.ch:80|*.post.ch:443) AND 194.41.128.0/17
bug-bounty-program-blablacar	https://edge.blablacar.(fr|de|co.uk|in|es|mx|be|hr|hu|it|nl|pl|com.br|pt|ro|ru|com|tr|com.ua))
outscale	Any resource created or accessed with the Outscale Cloud on eu-west-2 region -  created by the Hunter
withings-public-program	Body Scan scale
withings-public-program	Body Comp scale
withings-public-program	Scanwatch Light
withings-public-program	Scanwatch 2
withings-public-program	Scanwatch Nova
withings-public-program	Scanwatch
tencent-bug-bounty-program	In-Scope Products (for the full list please visit https://en.security.tencent.com/index.php/policy)
swiss-post-evoting	Source Code
swiss-post-evoting	System Specification
swiss-post-evoting	Scenarios with Special Bounties
swiss-post-evoting	Protocol of the Swiss Post Voting System
ant-group-security-response-center-bug-bounty-program	Any Other Applications found here: https://security-en.alipay.com/home
swiss-post	(*.post.ch:80|*.post.ch:443) AND 194.41.128.0/17
bug-bounty-program-blablacar	https://edge.blablacar.(fr|de|co.uk|in|es|mx|be|hr|hu|it|nl|pl|com.br|pt|ro|ru|com|tr|com.ua))
outscale	Any resource created or accessed with the Outscale Cloud on eu-west-2 region -  created by the Hunter
withings-public-program	Body Scan scale
withings-public-program	Body Comp scale
withings-public-program	Scanwatch Light
withings-public-program	Scanwatch 2
withings-public-program	Scanwatch Nova
withings-public-program	Scanwatch
tencent-bug-bounty-program	In-Scope Products (for the full list please visit https://en.security.tencent.com/index.php/policy)
swiss-post-evoting	Source Code
swiss-post-evoting	System Specification
swiss-post-evoting	Scenarios with Special Bounties
swiss-post-evoting	Protocol of the Swiss Post Voting System
ant-group-security-response-center-bug-bounty-program	Any Other Applications found here: https://security-en.alipay.com/home
swiss-post	(*.post.ch:80|*.post.ch:443) AND 194.41.128.0/17
bug-bounty-program-blablacar	https://edge.blablacar.(fr|de|co.uk|in|es|mx|be|hr|hu|it|nl|pl|com.br|pt|ro|ru|com|tr|com.ua))
outscale	Any resource created or accessed with the Outscale Cloud on eu-west-2 region -  created by the Hunter
withings-public-program	Body Scan scale
withings-public-program	Body Comp scale
withings-public-program	Scanwatch Light
withings-public-program	Scanwatch 2
withings-public-program	Scanwatch Nova
withings-public-program	Scanwatch
tencent-bug-bounty-program	In-Scope Products (for the full list please visit https://en.security.tencent.com/index.php/policy)
unknown	Any Other Applications found here: https://security-en.alipay.com/home
unknown	https://edge.blablacar.(fr|de|co.uk|in|es|mx|be|hr|hu|it|nl|pl|com.br|pt|ro|ru|com|tr|com.ua))
unknown	Any resource created or accessed with the Outscale Cloud on eu-west-2 region -  created by the Hunter
unknown	(*.post.ch:80|*.post.ch:443) AND 194.41.128.0/17
unknown	Source Code
unknown	System Specification
unknown	Scenarios with Special Bounties
unknown	Protocol of the Swiss Post Voting System
unknown	Body Scan scale
unknown	Body Comp scale
unknown	Scanwatch Light
unknown	Scanwatch 2
unknown	Scanwatch Nova
unknown	Scanwatch
unknown	Any Other Applications found here: https://security-en.alipay.com/home
unknown	https://edge.blablacar.(fr|de|co.uk|in|es|mx|be|hr|hu|it|nl|pl|com.br|pt|ro|ru|com|tr|com.ua))
unknown	Any resource created or accessed with the Outscale Cloud on eu-west-2 region -  created by the Hunter
unknown	(*.post.ch:80|*.post.ch:443) AND 194.41.128.0/17
unknown	Source Code
unknown	System Specification
unknown	Scenarios with Special Bounties
unknown	Protocol of the Swiss Post Voting System
unknown	Body Scan scale
unknown	Body Comp scale
unknown	Scanwatch Light
unknown	Scanwatch 2
unknown	Scanwatch Nova
unknown	Scanwatch
unknown	Any Other Applications found here: https://security-en.alipay.com/home
unknown	https://edge.blablacar.(fr|de|co.uk|in|es|mx|be|hr|hu|it|nl|pl|com.br|pt|ro|ru|com|tr|com.ua))
unknown	Any resource created or accessed with the Outscale Cloud on eu-west-2 region -  created by the Hunter
unknown	(*.post.ch:80|*.post.ch:443) AND 194.41.128.0/17
unknown	Source Code
unknown	System Specification
unknown	Scenarios with Special Bounties
unknown	Protocol of the Swiss Post Voting System
unknown	Body Scan scale
unknown	Body Comp scale
unknown	Scanwatch Light
unknown	Scanwatch 2
unknown	Scanwatch Nova
unknown	Scanwatch
bug-bounty-program-blablacar	https://edge.blablacar.(fr|de|co.uk|in|es|mx|be|hr|hu|it|nl|pl|com.br|pt|ro|ru|com|tr|com.ua))
swiss-post-evoting	Source Code
swiss-post-evoting	System Specification
swiss-post-evoting	Scenarios with Special Bounties
swiss-post-evoting	Protocol of the Swiss Post Voting System
fdj-united-online-betting-gaming-bug-bounty-program	www.unibet.(com­|it|se|co.uk|be|nl|dk|ro|ee|ie|com.au|mt)
fdj-united-online-betting-gaming-bug-bounty-program	payment.unibet.(com­|it|se|co.uk|be|nl|dk|ro|ee|ie|com.au|mt)
fdj-united-online-betting-gaming-bug-bounty-program	(se|fi|uk).bingo.com
fdj-united-online-betting-gaming-bug-bounty-program	/blog/ (or translated equivalent) endpoints on our sites
doctolib-public-bug-bounty-program	pro.doctolib.(fr|de|it) (see "Free features for healthcare professionals"))
doctolib-public-bug-bounty-program	Special scenarios (see description)
doctolib-public-bug-bounty-program	*.doctolib.(fr|de|it|com|net)
vfs-global-bug-bounty-program	*. vfsevisa.id
expressvpn-bug-bounty-program	ExpressVPN APIs
expressvpn-bug-bounty-program	ExpressVPN VPN servers
expressvpn-bug-bounty-program	ExpressVPN Router
expressvpn-bug-bounty-program	Any Applications under https://www.expressvpn.com/latest
expressvpn-bug-bounty-program	TrustedServer 100,000 Bonus Award (See Program Policy for Info)
cyberghost-bug-bounty-program	CyberGhost VPN servers
cyberghost-bug-bounty-program	Applications/Extensions under https://www.cyberghostvpn.com/download
private-internet-access-bug-bounty-program	PIA VPN servers
private-internet-access-bug-bounty-program	Applications/Extensions under https://www.privateinternetaccess.com/download
pine-labs-bug-bounty-program	https://pinepgconsole.in:9099
ant-group-security-response-center-bug-bounty-program	Any Other Applications found here: https://security-en.alipay.com/home
decathlon	https://(navigate|engage|checkout|internal|cached-api|api).shoppingapp.decathlon.com/*
louis-vuitton-malletier-public-bug-bounty-program	https://[it | fr | us | sg | …].louisvuitton.com
harman-international-public-bug-bounty	Device: JBL Bar 500MK2
harman-international-public-bug-bounty	Device: JBL Bar 700MK2
harman-international-public-bug-bounty	Device: JBL Bar 800MK2
harman-international-public-bug-bounty	Device: JBL PartyBox Encore 2
harman-international-public-bug-bounty	Device: JBL Live Beam 3
harman-international-public-bug-bounty	Device: JBL Flip 7
harman-international-public-bug-bounty	Device: JBL Tour One M3
harman-international-public-bug-bounty	Device: JBL Charge 5
harman-international-public-bug-bounty	Device: JBL Bar 300MK2
harman-international-public-bug-bounty	Device: JBL Bar 1000MK2
harman-international-public-bug-bounty	Device: JBL Bar 1300MK2
harman-international-public-bug-bounty	Device: JBL Authentics 200
harman-international-public-bug-bounty	Device: JBL Authentics 300
harman-international-public-bug-bounty	Device: JBL Authentics 500
harman-international-public-bug-bounty	Device: JBL Boombox 3 Wi-Fi
harman-international-public-bug-bounty	Device: JBL Charge 5 Wi-Fi
swiss-post	(*.post.ch:80|*.post.ch:443) AND 194.41.128.0/17
vincisa-public-program	vœux.vinci.com
ezviz-bug-bounty-program	Hardware found on https://www.ezviz.com/category/security-wifi-cameras
ezviz-bug-bounty-program	Hardware found on https://www.ezviz.com/category/smart-home
ezviz-bug-bounty-program	*.hicloudcam.com,
ezviz-bug-bounty-program	*.hikops.com,
outscale	Any resource created or accessed with the Outscale Cloud on eu-west-2 region -  created by the Hunter
withings-public-program	Body Scan scale
withings-public-program	Body Comp scale
withings-public-program	Scanwatch Light
withings-public-program	Scanwatch 2
withings-public-program	Scanwatch Nova
withings-public-program	Scanwatch
tencent-bug-bounty-program	In-Scope Products (for the full list please visit https://en.security.tencent.com/index.php/policy)
bug-bounty-program-blablacar	https://edge.blablacar.(fr|de|co.uk|in|es|mx|be|hr|hu|it|nl|pl|com.br|pt|ro|ru|com|tr|com.ua))
swiss-post-evoting	Source Code
swiss-post-evoting	System Specification
swiss-post-evoting	Scenarios with Special Bounties
swiss-post-evoting	Protocol of the Swiss Post Voting System
fdj-united-online-betting-gaming-bug-bounty-program	www.unibet.(com­|it|se|co.uk|be|nl|dk|ro|ee|ie|com.au|mt)
fdj-united-online-betting-gaming-bug-bounty-program	payment.unibet.(com­|it|se|co.uk|be|nl|dk|ro|ee|ie|com.au|mt)
fdj-united-online-betting-gaming-bug-bounty-program	(se|fi|uk).bingo.com
fdj-united-online-betting-gaming-bug-bounty-program	/blog/ (or translated equivalent) endpoints on our sites
doctolib-public-bug-bounty-program	pro.doctolib.(fr|de|it) (see "Free features for healthcare professionals"))
doctolib-public-bug-bounty-program	Special scenarios (see description)
doctolib-public-bug-bounty-program	*.doctolib.(fr|de|it|com|net)
vfs-global-bug-bounty-program	*. vfsevisa.id
expressvpn-bug-bounty-program	ExpressVPN APIs
expressvpn-bug-bounty-program	ExpressVPN VPN servers
expressvpn-bug-bounty-program	ExpressVPN Router
expressvpn-bug-bounty-program	Any Applications under https://www.expressvpn.com/latest
expressvpn-bug-bounty-program	TrustedServer 100,000 Bonus Award (See Program Policy for Info)
cyberghost-bug-bounty-program	CyberGhost VPN servers
cyberghost-bug-bounty-program	Applications/Extensions under https://www.cyberghostvpn.com/download
private-internet-access-bug-bounty-program	PIA VPN servers
private-internet-access-bug-bounty-program	Applications/Extensions under https://www.privateinternetaccess.com/download
pine-labs-bug-bounty-program	https://pinepgconsole.in:9099
ant-group-security-response-center-bug-bounty-program	Any Other Applications found here: https://security-en.alipay.com/home
decathlon	https://(navigate|engage|checkout|internal|cached-api|api).shoppingapp.decathlon.com/*
louis-vuitton-malletier-public-bug-bounty-program	https://[it | fr | us | sg | …].louisvuitton.com
harman-international-public-bug-bounty	Device: JBL Bar 500MK2
harman-international-public-bug-bounty	Device: JBL Bar 700MK2
harman-international-public-bug-bounty	Device: JBL Bar 800MK2
harman-international-public-bug-bounty	Device: JBL PartyBox Encore 2
harman-international-public-bug-bounty	Device: JBL Live Beam 3
harman-international-public-bug-bounty	Device: JBL Flip 7
harman-international-public-bug-bounty	Device: JBL Tour One M3
harman-international-public-bug-bounty	Device: JBL Charge 5
harman-international-public-bug-bounty	Device: JBL Bar 300MK2
harman-international-public-bug-bounty	Device: JBL Bar 1000MK2
harman-international-public-bug-bounty	Device: JBL Bar 1300MK2
harman-international-public-bug-bounty	Device: JBL Authentics 200
harman-international-public-bug-bounty	Device: JBL Authentics 300
harman-international-public-bug-bounty	Device: JBL Authentics 500
harman-international-public-bug-bounty	Device: JBL Boombox 3 Wi-Fi
harman-international-public-bug-bounty	Device: JBL Charge 5 Wi-Fi
swiss-post	(*.post.ch:80|*.post.ch:443) AND 194.41.128.0/17
vincisa-public-program	vœux.vinci.com
ezviz-bug-bounty-program	Hardware found on https://www.ezviz.com/category/security-wifi-cameras
ezviz-bug-bounty-program	Hardware found on https://www.ezviz.com/category/smart-home
ezviz-bug-bounty-program	*.hicloudcam.com,
ezviz-bug-bounty-program	*.hikops.com,
outscale	Any resource created or accessed with the Outscale Cloud on eu-west-2 region -  created by the Hunter
withings-public-program	Body Scan scale
withings-public-program	Body Comp scale
withings-public-program	Scanwatch Light
withings-public-program	Scanwatch 2
withings-public-program	Scanwatch Nova
withings-public-program	Scanwatch
tencent-bug-bounty-program	In-Scope Products (for the full list please visit https://en.security.tencent.com/index.php/policy)
bug-bounty-program-blablacar	https://edge.blablacar.(fr|de|co.uk|in|es|mx|be|hr|hu|it|nl|pl|com.br|pt|ro|ru|com|tr|com.ua))
swiss-post-evoting	Source Code
swiss-post-evoting	System Specification
swiss-post-evoting	Scenarios with Special Bounties
swiss-post-evoting	Protocol of the Swiss Post Voting System
fdj-united-online-betting-gaming-bug-bounty-program	www.unibet.(com­|it|se|co.uk|be|nl|dk|ro|ee|ie|com.au|mt)
fdj-united-online-betting-gaming-bug-bounty-program	payment.unibet.(com­|it|se|co.uk|be|nl|dk|ro|ee|ie|com.au|mt)
fdj-united-online-betting-gaming-bug-bounty-program	(se|fi|uk).bingo.com
fdj-united-online-betting-gaming-bug-bounty-program	/blog/ (or translated equivalent) endpoints on our sites
doctolib-public-bug-bounty-program	pro.doctolib.(fr|de|it) (see "Free features for healthcare professionals"))
doctolib-public-bug-bounty-program	Special scenarios (see description)
doctolib-public-bug-bounty-program	*.doctolib.(fr|de|it|com|net)
vfs-global-bug-bounty-program	*. vfsevisa.id
expressvpn-bug-bounty-program	ExpressVPN APIs
expressvpn-bug-bounty-program	ExpressVPN VPN servers
expressvpn-bug-bounty-program	ExpressVPN Router
expressvpn-bug-bounty-program	Any Applications under https://www.expressvpn.com/latest
expressvpn-bug-bounty-program	TrustedServer 100,000 Bonus Award (See Program Policy for Info)
cyberghost-bug-bounty-program	CyberGhost VPN servers
cyberghost-bug-bounty-program	Applications/Extensions under https://www.cyberghostvpn.com/download
private-internet-access-bug-bounty-program	PIA VPN servers
private-internet-access-bug-bounty-program	Applications/Extensions under https://www.privateinternetaccess.com/download
pine-labs-bug-bounty-program	https://pinepgconsole.in:9099
ant-group-security-response-center-bug-bounty-program	Any Other Applications found here: https://security-en.alipay.com/home
decathlon	https://(navigate|engage|checkout|internal|cached-api|api).shoppingapp.decathlon.com/*
louis-vuitton-malletier-public-bug-bounty-program	https://[it | fr | us | sg | …].louisvuitton.com
harman-international-public-bug-bounty	Device: JBL Bar 500MK2
harman-international-public-bug-bounty	Device: JBL Bar 700MK2
harman-international-public-bug-bounty	Device: JBL Bar 800MK2
harman-international-public-bug-bounty	Device: JBL PartyBox Encore 2
harman-international-public-bug-bounty	Device: JBL Live Beam 3
harman-international-public-bug-bounty	Device: JBL Flip 7
harman-international-public-bug-bounty	Device: JBL Tour One M3
harman-international-public-bug-bounty	Device: JBL Charge 5
harman-international-public-bug-bounty	Device: JBL Bar 300MK2
harman-international-public-bug-bounty	Device: JBL Bar 1000MK2
harman-international-public-bug-bounty	Device: JBL Bar 1300MK2
harman-international-public-bug-bounty	Device: JBL Authentics 200
harman-international-public-bug-bounty	Device: JBL Authentics 300
harman-international-public-bug-bounty	Device: JBL Authentics 500
harman-international-public-bug-bounty	Device: JBL Boombox 3 Wi-Fi
harman-international-public-bug-bounty	Device: JBL Charge 5 Wi-Fi
swiss-post	(*.post.ch:80|*.post.ch:443) AND 194.41.128.0/17
vincisa-public-program	vœux.vinci.com
ezviz-bug-bounty-program	Hardware found on https://www.ezviz.com/category/security-wifi-cameras
ezviz-bug-bounty-program	Hardware found on https://www.ezviz.com/category/smart-home
ezviz-bug-bounty-program	*.hicloudcam.com,
ezviz-bug-bounty-program	*.hikops.com,
outscale	Any resource created or accessed with the Outscale Cloud on eu-west-2 region -  created by the Hunter
withings-public-program	Body Scan scale
withings-public-program	Body Comp scale
withings-public-program	Scanwatch Light
withings-public-program	Scanwatch 2
withings-public-program	Scanwatch Nova
withings-public-program	Scanwatch
tencent-bug-bounty-program	In-Scope Products (for the full list please visit https://en.security.tencent.com/index.php/policy)
expressvpn-bug-bounty-program	ExpressVPN APIs
expressvpn-bug-bounty-program	ExpressVPN VPN servers
expressvpn-bug-bounty-program	ExpressVPN Router
expressvpn-bug-bounty-program	Any Applications under https://www.expressvpn.com/latest
expressvpn-bug-bounty-program	TrustedServer 100,000 Bonus Award (See Program Policy for Info)
decathlon	https://(navigate|engage|checkout|internal|cached-api|api).shoppingapp.decathlon.com/*
tencent-bug-bounty-program	Core Assets In-Scope Products (for the full list please visit https://en.security.tencent.com/index.php/policy)
tencent-bug-bounty-program	Non Core Assets In-Scope Products (for the full list please visit https://en.security.tencent.com/index.php/policy)
bug-bounty-program-blablacar	https://edge.blablacar.(fr|de|co.uk|in|es|mx|be|hr|hu|it|nl|pl|com.br|pt|ro|ru|com|tr|com.ua))
swiss-post-evoting	Source Code
swiss-post-evoting	System Specification
swiss-post-evoting	Scenarios with Special Bounties
swiss-post-evoting	Protocol of the Swiss Post Voting System
fdj-united-online-betting-gaming-bug-bounty-program	www.unibet.(com­|it|se|co.uk|be|nl|dk|ro|ee|ie|com.au|mt)
fdj-united-online-betting-gaming-bug-bounty-program	payment.unibet.(com­|it|se|co.uk|be|nl|dk|ro|ee|ie|com.au|mt)
fdj-united-online-betting-gaming-bug-bounty-program	(se|fi|uk).bingo.com
fdj-united-online-betting-gaming-bug-bounty-program	/blog/ (or translated equivalent) endpoints on our sites
doctolib-public-bug-bounty-program	pro.doctolib.(fr|de|it) (see "Free features for healthcare professionals"))
doctolib-public-bug-bounty-program	Special scenarios (see description)
doctolib-public-bug-bounty-program	*.doctolib.(fr|de|it|com|net)
vfs-global-bug-bounty-program	*. vfsevisa.id
cyberghost-bug-bounty-program	CyberGhost VPN servers
cyberghost-bug-bounty-program	Applications/Extensions under https://www.cyberghostvpn.com/download
private-internet-access-bug-bounty-program	PIA VPN servers
private-internet-access-bug-bounty-program	Applications/Extensions under https://www.privateinternetaccess.com/download
pine-labs-bug-bounty-program	https://pinepgconsole.in:9099
ant-group-security-response-center-bug-bounty-program	Any Other Applications found here: https://security-en.alipay.com/home
louis-vuitton-malletier-public-bug-bounty-program	https://[it | fr | us | sg | …].louisvuitton.com
harman-international-public-bug-bounty	Device: JBL Bar 500MK2
harman-international-public-bug-bounty	Device: JBL Bar 700MK2
harman-international-public-bug-bounty	Device: JBL Bar 800MK2
harman-international-public-bug-bounty	Device: JBL PartyBox Encore 2
harman-international-public-bug-bounty	Device: JBL Live Beam 3
harman-international-public-bug-bounty	Device: JBL Flip 7
harman-international-public-bug-bounty	Device: JBL Tour One M3
harman-international-public-bug-bounty	Device: JBL Charge 5
harman-international-public-bug-bounty	Device: JBL Bar 300MK2
harman-international-public-bug-bounty	Device: JBL Bar 1000MK2
harman-international-public-bug-bounty	Device: JBL Bar 1300MK2
harman-international-public-bug-bounty	Device: JBL Authentics 200
harman-international-public-bug-bounty	Device: JBL Authentics 300
harman-international-public-bug-bounty	Device: JBL Authentics 500
harman-international-public-bug-bounty	Device: JBL Boombox 3 Wi-Fi
harman-international-public-bug-bounty	Device: JBL Charge 5 Wi-Fi
swiss-post	(*.post.ch:80|*.post.ch:443) AND 194.41.128.0/17
vincisa-public-program	vœux.vinci.com
keycloak-bug-bounty-program	Keycloak Server
keycloak-bug-bounty-program	Keycloak Operator
keycloak-bug-bounty-program	JavaScript Client Adapter
ezviz-bug-bounty-program	Hardware found on https://www.ezviz.com/category/security-wifi-cameras
ezviz-bug-bounty-program	Hardware found on https://www.ezviz.com/category/smart-home
ezviz-bug-bounty-program	*.hicloudcam.com,
ezviz-bug-bounty-program	*.hikops.com,
outscale	Any resource created or accessed with the Outscale Cloud on eu-west-2 region -  created by the Hunter
expressvpn-bug-bounty-program	ExpressVPN APIs
expressvpn-bug-bounty-program	ExpressVPN VPN servers
expressvpn-bug-bounty-program	ExpressVPN Router
expressvpn-bug-bounty-program	Any Applications under https://www.expressvpn.com/latest
expressvpn-bug-bounty-program	TrustedServer 100,000 Bonus Award (See Program Policy for Info)
decathlon	https://(navigate|engage|checkout|internal|cached-api|api).shoppingapp.decathlon.com/*
tencent-bug-bounty-program	Core Assets In-Scope Products (for the full list please visit https://en.security.tencent.com/index.php/policy)
tencent-bug-bounty-program	Non Core Assets In-Scope Products (for the full list please visit https://en.security.tencent.com/index.php/policy)
bug-bounty-program-blablacar	https://edge.blablacar.(fr|de|co.uk|in|es|mx|be|hr|hu|it|nl|pl|com.br|pt|ro|ru|com|tr|com.ua))
swiss-post-evoting	Source Code
swiss-post-evoting	System Specification
swiss-post-evoting	Scenarios with Special Bounties
swiss-post-evoting	Protocol of the Swiss Post Voting System
fdj-united-online-betting-gaming-bug-bounty-program	www.unibet.(com­|it|se|co.uk|be|nl|dk|ro|ee|ie|com.au|mt)
fdj-united-online-betting-gaming-bug-bounty-program	payment.unibet.(com­|it|se|co.uk|be|nl|dk|ro|ee|ie|com.au|mt)
fdj-united-online-betting-gaming-bug-bounty-program	(se|fi|uk).bingo.com
fdj-united-online-betting-gaming-bug-bounty-program	/blog/ (or translated equivalent) endpoints on our sites
doctolib-public-bug-bounty-program	pro.doctolib.(fr|de|it) (see "Free features for healthcare professionals"))
doctolib-public-bug-bounty-program	Special scenarios (see description)
doctolib-public-bug-bounty-program	*.doctolib.(fr|de|it|com|net)
vfs-global-bug-bounty-program	*. vfsevisa.id
cyberghost-bug-bounty-program	CyberGhost VPN servers
cyberghost-bug-bounty-program	Applications/Extensions under https://www.cyberghostvpn.com/download
private-internet-access-bug-bounty-program	PIA VPN servers
private-internet-access-bug-bounty-program	Applications/Extensions under https://www.privateinternetaccess.com/download
pine-labs-bug-bounty-program	https://pinepgconsole.in:9099
ant-group-security-response-center-bug-bounty-program	Any Other Applications found here: https://security-en.alipay.com/home
louis-vuitton-malletier-public-bug-bounty-program	https://[it | fr | us | sg | …].louisvuitton.com
harman-international-public-bug-bounty	Device: JBL Bar 500MK2
harman-international-public-bug-bounty	Device: JBL Bar 700MK2
harman-international-public-bug-bounty	Device: JBL Bar 800MK2
harman-international-public-bug-bounty	Device: JBL PartyBox Encore 2
harman-international-public-bug-bounty	Device: JBL Live Beam 3
harman-international-public-bug-bounty	Device: JBL Flip 7
harman-international-public-bug-bounty	Device: JBL Tour One M3
harman-international-public-bug-bounty	Device: JBL Charge 5
harman-international-public-bug-bounty	Device: JBL Bar 300MK2
harman-international-public-bug-bounty	Device: JBL Bar 1000MK2
harman-international-public-bug-bounty	Device: JBL Bar 1300MK2
harman-international-public-bug-bounty	Device: JBL Authentics 200
harman-international-public-bug-bounty	Device: JBL Authentics 300
harman-international-public-bug-bounty	Device: JBL Authentics 500
harman-international-public-bug-bounty	Device: JBL Boombox 3 Wi-Fi
harman-international-public-bug-bounty	Device: JBL Charge 5 Wi-Fi
swiss-post	(*.post.ch:80|*.post.ch:443) AND 194.41.128.0/17
vincisa-public-program	vœux.vinci.com
keycloak-bug-bounty-program	Keycloak Server
keycloak-bug-bounty-program	Keycloak Operator
keycloak-bug-bounty-program	JavaScript Client Adapter
ezviz-bug-bounty-program	Hardware found on https://www.ezviz.com/category/security-wifi-cameras
ezviz-bug-bounty-program	Hardware found on https://www.ezviz.com/category/smart-home
ezviz-bug-bounty-program	*.hicloudcam.com,
ezviz-bug-bounty-program	*.hikops.com,
outscale	Any resource created or accessed with the Outscale Cloud on eu-west-2 region -  created by the Hunter
expressvpn-bug-bounty-program	ExpressVPN APIs
expressvpn-bug-bounty-program	ExpressVPN VPN servers
expressvpn-bug-bounty-program	ExpressVPN Router
expressvpn-bug-bounty-program	Any Applications under https://www.expressvpn.com/latest
expressvpn-bug-bounty-program	TrustedServer 100,000 Bonus Award (See Program Policy for Info)
decathlon	https://(navigate|engage|checkout|internal|cached-api|api).shoppingapp.decathlon.com/*
tencent-bug-bounty-program	Core Assets In-Scope Products (for the full list please visit https://en.security.tencent.com/index.php/policy)
tencent-bug-bounty-program	Non Core Assets In-Scope Products (for the full list please visit https://en.security.tencent.com/index.php/policy)
bug-bounty-program-blablacar	https://edge.blablacar.(fr|de|co.uk|in|es|mx|be|hr|hu|it|nl|pl|com.br|pt|ro|ru|com|tr|com.ua))
swiss-post-evoting	Source Code
swiss-post-evoting	System Specification
swiss-post-evoting	Scenarios with Special Bounties
swiss-post-evoting	Protocol of the Swiss Post Voting System
fdj-united-online-betting-gaming-bug-bounty-program	www.unibet.(com­|it|se|co.uk|be|nl|dk|ro|ee|ie|com.au|mt)
fdj-united-online-betting-gaming-bug-bounty-program	payment.unibet.(com­|it|se|co.uk|be|nl|dk|ro|ee|ie|com.au|mt)
fdj-united-online-betting-gaming-bug-bounty-program	(se|fi|uk).bingo.com
fdj-united-online-betting-gaming-bug-bounty-program	/blog/ (or translated equivalent) endpoints on our sites
doctolib-public-bug-bounty-program	pro.doctolib.(fr|de|it) (see "Free features for healthcare professionals"))
doctolib-public-bug-bounty-program	Special scenarios (see description)
doctolib-public-bug-bounty-program	*.doctolib.(fr|de|it|com|net)
vfs-global-bug-bounty-program	*. vfsevisa.id
cyberghost-bug-bounty-program	CyberGhost VPN servers
cyberghost-bug-bounty-program	Applications/Extensions under https://www.cyberghostvpn.com/download
private-internet-access-bug-bounty-program	PIA VPN servers
private-internet-access-bug-bounty-program	Applications/Extensions under https://www.privateinternetaccess.com/download
pine-labs-bug-bounty-program	https://pinepgconsole.in:9099
ant-group-security-response-center-bug-bounty-program	Any Other Applications found here: https://security-en.alipay.com/home
louis-vuitton-malletier-public-bug-bounty-program	https://[it | fr | us | sg | …].louisvuitton.com
harman-international-public-bug-bounty	Device: JBL Bar 500MK2
harman-international-public-bug-bounty	Device: JBL Bar 700MK2
harman-international-public-bug-bounty	Device: JBL Bar 800MK2
harman-international-public-bug-bounty	Device: JBL PartyBox Encore 2
harman-international-public-bug-bounty	Device: JBL Live Beam 3
harman-international-public-bug-bounty	Device: JBL Flip 7
harman-international-public-bug-bounty	Device: JBL Tour One M3
harman-international-public-bug-bounty	Device: JBL Charge 5
harman-international-public-bug-bounty	Device: JBL Bar 300MK2
harman-international-public-bug-bounty	Device: JBL Bar 1000MK2
harman-international-public-bug-bounty	Device: JBL Bar 1300MK2
harman-international-public-bug-bounty	Device: JBL Authentics 200
harman-international-public-bug-bounty	Device: JBL Authentics 300
harman-international-public-bug-bounty	Device: JBL Authentics 500
harman-international-public-bug-bounty	Device: JBL Boombox 3 Wi-Fi
harman-international-public-bug-bounty	Device: JBL Charge 5 Wi-Fi
swiss-post	(*.post.ch:80|*.post.ch:443) AND 194.41.128.0/17
vincisa-public-program	vœux.vinci.com
keycloak-bug-bounty-program	Keycloak Server
keycloak-bug-bounty-program	Keycloak Operator
keycloak-bug-bounty-program	JavaScript Client Adapter
ezviz-bug-bounty-program	Hardware found on https://www.ezviz.com/category/security-wifi-cameras
ezviz-bug-bounty-program	Hardware found on https://www.ezviz.com/category/smart-home
ezviz-bug-bounty-program	*.hicloudcam.com,
ezviz-bug-bounty-program	*.hikops.com,
outscale	Any resource created or accessed with the Outscale Cloud on eu-west-2 region -  created by the Hunter
expressvpn-bug-bounty-program	ExpressVPN APIs
expressvpn-bug-bounty-program	ExpressVPN VPN servers
expressvpn-bug-bounty-program	ExpressVPN Router
expressvpn-bug-bounty-program	Any Applications under https://www.expressvpn.com/latest
expressvpn-bug-bounty-program	TrustedServer 100,000 Bonus Award (See Program Policy for Info)
decathlon	https://(navigate|engage|checkout|internal|cached-api|api).shoppingapp.decathlon.com/*
tencent-bug-bounty-program	Core Assets In-Scope Products (for the full list please visit https://en.security.tencent.com/index.php/policy)
tencent-bug-bounty-program	Non Core Assets In-Scope Products (for the full list please visit https://en.security.tencent.com/index.php/policy)
bug-bounty-program-blablacar	https://edge.blablacar.(fr|de|co.uk|in|es|mx|be|hr|hu|it|nl|pl|com.br|pt|ro|ru|com|tr|com.ua))
swiss-post-evoting	Source Code
swiss-post-evoting	System Specification
swiss-post-evoting	Scenarios with Special Bounties
swiss-post-evoting	Protocol of the Swiss Post Voting System
fdj-united-online-betting-gaming-bug-bounty-program	www.unibet.(com­|it|se|co.uk|be|nl|dk|ro|ee|ie|com.au|mt)
fdj-united-online-betting-gaming-bug-bounty-program	payment.unibet.(com­|it|se|co.uk|be|nl|dk|ro|ee|ie|com.au|mt)
fdj-united-online-betting-gaming-bug-bounty-program	(se|fi|uk).bingo.com
fdj-united-online-betting-gaming-bug-bounty-program	/blog/ (or translated equivalent) endpoints on our sites
doctolib-public-bug-bounty-program	pro.doctolib.(fr|de|it) (see "Free features for healthcare professionals"))
doctolib-public-bug-bounty-program	Special scenarios (see description)
doctolib-public-bug-bounty-program	*.doctolib.(fr|de|it|com|net)
vfs-global-bug-bounty-program	*. vfsevisa.id
cyberghost-bug-bounty-program	CyberGhost VPN servers
cyberghost-bug-bounty-program	Applications/Extensions under https://www.cyberghostvpn.com/download
private-internet-access-bug-bounty-program	PIA VPN servers
private-internet-access-bug-bounty-program	Applications/Extensions under https://www.privateinternetaccess.com/download
pine-labs-bug-bounty-program	https://pinepgconsole.in:9099
ant-group-security-response-center-bug-bounty-program	Any Other Applications found here: https://security-en.alipay.com/home
louis-vuitton-malletier-public-bug-bounty-program	https://[it | fr | us | sg | …].louisvuitton.com
harman-international-public-bug-bounty	Device: JBL Bar 500MK2
harman-international-public-bug-bounty	Device: JBL Bar 700MK2
harman-international-public-bug-bounty	Device: JBL Bar 800MK2
harman-international-public-bug-bounty	Device: JBL PartyBox Encore 2
harman-international-public-bug-bounty	Device: JBL Live Beam 3
harman-international-public-bug-bounty	Device: JBL Flip 7
harman-international-public-bug-bounty	Device: JBL Tour One M3
harman-international-public-bug-bounty	Device: JBL Charge 5
harman-international-public-bug-bounty	Device: JBL Bar 300MK2
harman-international-public-bug-bounty	Device: JBL Bar 1000MK2
harman-international-public-bug-bounty	Device: JBL Bar 1300MK2
harman-international-public-bug-bounty	Device: JBL Authentics 200
harman-international-public-bug-bounty	Device: JBL Authentics 300
harman-international-public-bug-bounty	Device: JBL Authentics 500
harman-international-public-bug-bounty	Device: JBL Boombox 3 Wi-Fi
harman-international-public-bug-bounty	Device: JBL Charge 5 Wi-Fi
swiss-post	(*.post.ch:80|*.post.ch:443) AND 194.41.128.0/17
vincisa-public-program	vœux.vinci.com
keycloak-bug-bounty-program	Keycloak Server
keycloak-bug-bounty-program	Keycloak Operator
keycloak-bug-bounty-program	JavaScript Client Adapter
ezviz-bug-bounty-program	Hardware found on https://www.ezviz.com/category/security-wifi-cameras
ezviz-bug-bounty-program	Hardware found on https://www.ezviz.com/category/smart-home
ezviz-bug-bounty-program	*.hicloudcam.com,
ezviz-bug-bounty-program	*.hikops.com,
outscale	Any resource created or accessed with the Outscale Cloud on eu-west-2 region -  created by the Hunter
expressvpn-bug-bounty-program	ExpressVPN APIs
expressvpn-bug-bounty-program	ExpressVPN VPN servers
expressvpn-bug-bounty-program	ExpressVPN Router
expressvpn-bug-bounty-program	Any Applications under https://www.expressvpn.com/latest
expressvpn-bug-bounty-program	TrustedServer 100,000 Bonus Award (See Program Policy for Info)
decathlon	https://(navigate|engage|checkout|internal|cached-api|api).shoppingapp.decathlon.com/*
tencent-bug-bounty-program	Core Assets In-Scope Products (for the full list please visit https://en.security.tencent.com/index.php/policy)
tencent-bug-bounty-program	Non Core Assets In-Scope Products (for the full list please visit https://en.security.tencent.com/index.php/policy)
bug-bounty-program-blablacar	https://edge.blablacar.(fr|de|co.uk|in|es|mx|be|hr|hu|it|nl|pl|com.br|pt|ro|ru|com|tr|com.ua))
swiss-post-evoting	Source Code
swiss-post-evoting	System Specification
swiss-post-evoting	Scenarios with Special Bounties
swiss-post-evoting	Protocol of the Swiss Post Voting System
fdj-united-online-betting-gaming-bug-bounty-program	www.unibet.(com­|it|se|co.uk|be|nl|dk|ro|ee|ie|com.au|mt)
fdj-united-online-betting-gaming-bug-bounty-program	payment.unibet.(com­|it|se|co.uk|be|nl|dk|ro|ee|ie|com.au|mt)
fdj-united-online-betting-gaming-bug-bounty-program	(se|fi|uk).bingo.com
fdj-united-online-betting-gaming-bug-bounty-program	/blog/ (or translated equivalent) endpoints on our sites
doctolib-public-bug-bounty-program	pro.doctolib.(fr|de|it) (see "Free features for healthcare professionals"))
doctolib-public-bug-bounty-program	Special scenarios (see description)
doctolib-public-bug-bounty-program	*.doctolib.(fr|de|it|com|net)
vfs-global-bug-bounty-program	*. vfsevisa.id
cyberghost-bug-bounty-program	CyberGhost VPN servers
cyberghost-bug-bounty-program	Applications/Extensions under https://www.cyberghostvpn.com/download
private-internet-access-bug-bounty-program	PIA VPN servers
private-internet-access-bug-bounty-program	Applications/Extensions under https://www.privateinternetaccess.com/download
pine-labs-bug-bounty-program	https://pinepgconsole.in:9099
ant-group-security-response-center-bug-bounty-program	Any Other Applications found here: https://security-en.alipay.com/home
louis-vuitton-malletier-public-bug-bounty-program	https://[it | fr | us | sg | …].louisvuitton.com
harman-international-public-bug-bounty	Device: JBL Bar 500MK2
harman-international-public-bug-bounty	Device: JBL Bar 700MK2
harman-international-public-bug-bounty	Device: JBL Bar 800MK2
harman-international-public-bug-bounty	Device: JBL PartyBox Encore 2
harman-international-public-bug-bounty	Device: JBL Live Beam 3
harman-international-public-bug-bounty	Device: JBL Flip 7
harman-international-public-bug-bounty	Device: JBL Tour One M3
harman-international-public-bug-bounty	Device: JBL Charge 5
harman-international-public-bug-bounty	Device: JBL Bar 300MK2
harman-international-public-bug-bounty	Device: JBL Bar 1000MK2
harman-international-public-bug-bounty	Device: JBL Bar 1300MK2
harman-international-public-bug-bounty	Device: JBL Authentics 200
harman-international-public-bug-bounty	Device: JBL Authentics 300
harman-international-public-bug-bounty	Device: JBL Authentics 500
harman-international-public-bug-bounty	Device: JBL Boombox 3 Wi-Fi
harman-international-public-bug-bounty	Device: JBL Charge 5 Wi-Fi
swiss-post	(*.post.ch:80|*.post.ch:443) AND 194.41.128.0/17
vincisa-public-program	vœux.vinci.com
keycloak-bug-bounty-program	Keycloak Server
keycloak-bug-bounty-program	Keycloak Operator
keycloak-bug-bounty-program	JavaScript Client Adapter
ezviz-bug-bounty-program	Hardware found on https://www.ezviz.com/category/security-wifi-cameras
ezviz-bug-bounty-program	Hardware found on https://www.ezviz.com/category/smart-home
ezviz-bug-bounty-program	*.hicloudcam.com,
ezviz-bug-bounty-program	*.hikops.com,
outscale	Any resource created or accessed with the Outscale Cloud on eu-west-2 region -  created by the Hunter
vfs-global-bug-bounty-program	*. vfsevisa.id
expressvpn-bug-bounty-program	ExpressVPN APIs
expressvpn-bug-bounty-program	ExpressVPN VPN servers
expressvpn-bug-bounty-program	ExpressVPN Router
expressvpn-bug-bounty-program	Any Applications under https://www.expressvpn.com/latest
expressvpn-bug-bounty-program	TrustedServer 100,000 Bonus Award (See Program Policy for Info)
decathlon	https://(navigate|engage|checkout|internal|cached-api|api).shoppingapp.decathlon.com/*
tencent-bug-bounty-program	Core Assets In-Scope Products (for the full list please visit https://en.security.tencent.com/index.php/policy)
tencent-bug-bounty-program	Non Core Assets In-Scope Products (for the full list please visit https://en.security.tencent.com/index.php/policy)
bug-bounty-program-blablacar	https://edge.blablacar.(fr|de|co.uk|in|es|mx|be|hr|hu|it|nl|pl|com.br|pt|ro|ru|com|tr|com.ua))
swiss-post-evoting	Source Code
swiss-post-evoting	System Specification
swiss-post-evoting	Scenarios with Special Bounties
swiss-post-evoting	Protocol of the Swiss Post Voting System
fdj-united-online-betting-gaming-bug-bounty-program	www.unibet.(com­|it|se|co.uk|be|nl|dk|ro|ee|ie|com.au|mt)
fdj-united-online-betting-gaming-bug-bounty-program	payment.unibet.(com­|it|se|co.uk|be|nl|dk|ro|ee|ie|com.au|mt)
fdj-united-online-betting-gaming-bug-bounty-program	(se|fi|uk).bingo.com
fdj-united-online-betting-gaming-bug-bounty-program	/blog/ (or translated equivalent) endpoints on our sites
doctolib-public-bug-bounty-program	pro.doctolib.(fr|de|it) (see "Free features for healthcare professionals"))
doctolib-public-bug-bounty-program	Special scenarios (see description)
doctolib-public-bug-bounty-program	*.doctolib.(fr|de|it|com|net)
cyberghost-bug-bounty-program	CyberGhost VPN servers
cyberghost-bug-bounty-program	Applications/Extensions under https://www.cyberghostvpn.com/download
private-internet-access-bug-bounty-program	PIA VPN servers
private-internet-access-bug-bounty-program	Applications/Extensions under https://www.privateinternetaccess.com/download
pine-labs-bug-bounty-program	https://pinepgconsole.in:9099
ant-group-security-response-center-bug-bounty-program	Any Other Applications found here: https://security-en.alipay.com/home
louis-vuitton-malletier-public-bug-bounty-program	https://[it | fr | us | sg | …].louisvuitton.com
harman-international-public-bug-bounty	Device: JBL Bar 500MK2
harman-international-public-bug-bounty	Device: JBL Bar 700MK2
harman-international-public-bug-bounty	Device: JBL Bar 800MK2
harman-international-public-bug-bounty	Device: JBL PartyBox Encore 2
harman-international-public-bug-bounty	Device: JBL Live Beam 3
harman-international-public-bug-bounty	Device: JBL Flip 7
harman-international-public-bug-bounty	Device: JBL Tour One M3
harman-international-public-bug-bounty	Device: JBL Charge 5
harman-international-public-bug-bounty	Device: JBL Bar 300MK2
harman-international-public-bug-bounty	Device: JBL Bar 1000MK2
harman-international-public-bug-bounty	Device: JBL Bar 1300MK2
harman-international-public-bug-bounty	Device: JBL Authentics 200
harman-international-public-bug-bounty	Device: JBL Authentics 300
harman-international-public-bug-bounty	Device: JBL Authentics 500
harman-international-public-bug-bounty	Device: JBL Boombox 3 Wi-Fi
harman-international-public-bug-bounty	Device: JBL Charge 5 Wi-Fi
swiss-post	(*.post.ch:80|*.post.ch:443) AND 194.41.128.0/17
vincisa-public-program	vœux.vinci.com
ezviz-bug-bounty-program	Hardware found on https://www.ezviz.com/category/security-wifi-cameras
ezviz-bug-bounty-program	Hardware found on https://www.ezviz.com/category/smart-home
ezviz-bug-bounty-program	*.hicloudcam.com,
ezviz-bug-bounty-program	*.hikops.com,
outscale	Any resource created or accessed with the Outscale Cloud on eu-west-2 region -  created by the Hunter
vincisa-public-program	vœux.vinci.com
vfs-global-bug-bounty-program	*. vfsevisa.id
expressvpn-bug-bounty-program	ExpressVPN APIs
expressvpn-bug-bounty-program	ExpressVPN VPN servers
expressvpn-bug-bounty-program	ExpressVPN Router
expressvpn-bug-bounty-program	Any Applications under https://www.expressvpn.com/latest
expressvpn-bug-bounty-program	TrustedServer 100,000 Bonus Award (See Program Policy for Info)
decathlon	https://(navigate|engage|checkout|internal|cached-api|api).shoppingapp.decathlon.com/*
tencent-bug-bounty-program	Core Assets In-Scope Products (for the full list please visit https://en.security.tencent.com/index.php/policy)
tencent-bug-bounty-program	Non Core Assets In-Scope Products (for the full list please visit https://en.security.tencent.com/index.php/policy)
bug-bounty-program-blablacar	https://edge.blablacar.(fr|de|co.uk|in|es|mx|be|hr|hu|it|nl|pl|com.br|pt|ro|ru|com|tr|com.ua))
swiss-post-evoting	Source Code
swiss-post-evoting	System Specification
swiss-post-evoting	Scenarios with Special Bounties
swiss-post-evoting	Protocol of the Swiss Post Voting System
fdj-united-online-betting-gaming-bug-bounty-program	www.unibet.(com­|it|se|co.uk|be|nl|dk|ro|ee|ie|com.au|mt)
fdj-united-online-betting-gaming-bug-bounty-program	payment.unibet.(com­|it|se|co.uk|be|nl|dk|ro|ee|ie|com.au|mt)
fdj-united-online-betting-gaming-bug-bounty-program	(se|fi|uk).bingo.com
fdj-united-online-betting-gaming-bug-bounty-program	/blog/ (or translated equivalent) endpoints on our sites
doctolib-public-bug-bounty-program	pro.doctolib.(fr|de|it) (see "Free features for healthcare professionals"))
doctolib-public-bug-bounty-program	Special scenarios (see description)
doctolib-public-bug-bounty-program	*.doctolib.(fr|de|it|com|net)
cyberghost-bug-bounty-program	CyberGhost VPN servers
cyberghost-bug-bounty-program	Applications/Extensions under https://www.cyberghostvpn.com/download
private-internet-access-bug-bounty-program	PIA VPN servers
private-internet-access-bug-bounty-program	Applications/Extensions under https://www.privateinternetaccess.com/download
pine-labs-bug-bounty-program	https://pinepgconsole.in:9099
ant-group-security-response-center-bug-bounty-program	Any Other Applications found here: https://security-en.alipay.com/home
louis-vuitton-malletier-public-bug-bounty-program	https://[it | fr | us | sg | …].louisvuitton.com
harman-international-public-bug-bounty	Device: JBL Bar 500MK2
harman-international-public-bug-bounty	Device: JBL Bar 700MK2
harman-international-public-bug-bounty	Device: JBL Bar 800MK2
harman-international-public-bug-bounty	Device: JBL PartyBox Encore 2
harman-international-public-bug-bounty	Device: JBL Live Beam 3
harman-international-public-bug-bounty	Device: JBL Flip 7
harman-international-public-bug-bounty	Device: JBL Tour One M3
harman-international-public-bug-bounty	Device: JBL Charge 5
harman-international-public-bug-bounty	Device: JBL Bar 300MK2
harman-international-public-bug-bounty	Device: JBL Bar 1000MK2
harman-international-public-bug-bounty	Device: JBL Bar 1300MK2
harman-international-public-bug-bounty	Device: JBL Authentics 200
harman-international-public-bug-bounty	Device: JBL Authentics 300
harman-international-public-bug-bounty	Device: JBL Authentics 500
harman-international-public-bug-bounty	Device: JBL Boombox 3 Wi-Fi
harman-international-public-bug-bounty	Device: JBL Charge 5 Wi-Fi
swiss-post	(*.post.ch:80|*.post.ch:443) AND 194.41.128.0/17
ezviz-bug-bounty-program	Hardware found on https://www.ezviz.com/category/security-wifi-cameras
ezviz-bug-bounty-program	Hardware found on https://www.ezviz.com/category/smart-home
ezviz-bug-bounty-program	*.hicloudcam.com,
ezviz-bug-bounty-program	*.hikops.com,
outscale	Any resource created or accessed with the Outscale Cloud on eu-west-2 region -  created by the Hunter
vincisa-public-program	vœux.vinci.com
vfs-global-bug-bounty-program	*. vfsevisa.id
expressvpn-bug-bounty-program	ExpressVPN APIs
expressvpn-bug-bounty-program	ExpressVPN VPN servers
expressvpn-bug-bounty-program	ExpressVPN Router
expressvpn-bug-bounty-program	Any Applications under https://www.expressvpn.com/latest
expressvpn-bug-bounty-program	TrustedServer 100,000 Bonus Award (See Program Policy for Info)
decathlon	https://(navigate|engage|checkout|internal|cached-api|api).shoppingapp.decathlon.com/*
tencent-bug-bounty-program	Core Assets In-Scope Products (for the full list please visit https://en.security.tencent.com/index.php/policy)
tencent-bug-bounty-program	Non Core Assets In-Scope Products (for the full list please visit https://en.security.tencent.com/index.php/policy)
bug-bounty-program-blablacar	https://edge.blablacar.(fr|de|co.uk|in|es|mx|be|hr|hu|it|nl|pl|com.br|pt|ro|ru|com|tr|com.ua))
swiss-post-evoting	Source Code
swiss-post-evoting	System Specification
swiss-post-evoting	Scenarios with Special Bounties
swiss-post-evoting	Protocol of the Swiss Post Voting System
fdj-united-online-betting-gaming-bug-bounty-program	www.unibet.(com­|it|se|co.uk|be|nl|dk|ro|ee|ie|com.au|mt)
fdj-united-online-betting-gaming-bug-bounty-program	payment.unibet.(com­|it|se|co.uk|be|nl|dk|ro|ee|ie|com.au|mt)
fdj-united-online-betting-gaming-bug-bounty-program	(se|fi|uk).bingo.com
fdj-united-online-betting-gaming-bug-bounty-program	/blog/ (or translated equivalent) endpoints on our sites
doctolib-public-bug-bounty-program	pro.doctolib.(fr|de|it) (see "Free features for healthcare professionals"))
doctolib-public-bug-bounty-program	Special scenarios (see description)
doctolib-public-bug-bounty-program	*.doctolib.(fr|de|it|com|net)
cyberghost-bug-bounty-program	CyberGhost VPN servers
cyberghost-bug-bounty-program	Applications/Extensions under https://www.cyberghostvpn.com/download
private-internet-access-bug-bounty-program	PIA VPN servers
private-internet-access-bug-bounty-program	Applications/Extensions under https://www.privateinternetaccess.com/download
pine-labs-bug-bounty-program	https://pinepgconsole.in:9099
ant-group-security-response-center-bug-bounty-program	Any Other Applications found here: https://security-en.alipay.com/home
louis-vuitton-malletier-public-bug-bounty-program	https://[it | fr | us | sg | …].louisvuitton.com
harman-international-public-bug-bounty	Device: JBL Bar 500MK2
harman-international-public-bug-bounty	Device: JBL Bar 700MK2
harman-international-public-bug-bounty	Device: JBL Bar 800MK2
harman-international-public-bug-bounty	Device: JBL PartyBox Encore 2
harman-international-public-bug-bounty	Device: JBL Live Beam 3
harman-international-public-bug-bounty	Device: JBL Flip 7
harman-international-public-bug-bounty	Device: JBL Tour One M3
harman-international-public-bug-bounty	Device: JBL Charge 5
harman-international-public-bug-bounty	Device: JBL Bar 300MK2
harman-international-public-bug-bounty	Device: JBL Bar 1000MK2
harman-international-public-bug-bounty	Device: JBL Bar 1300MK2
harman-international-public-bug-bounty	Device: JBL Authentics 200
harman-international-public-bug-bounty	Device: JBL Authentics 300
harman-international-public-bug-bounty	Device: JBL Authentics 500
harman-international-public-bug-bounty	Device: JBL Boombox 3 Wi-Fi
harman-international-public-bug-bounty	Device: JBL Charge 5 Wi-Fi
swiss-post	(*.post.ch:80|*.post.ch:443) AND 194.41.128.0/17
ezviz-bug-bounty-program	Hardware found on https://www.ezviz.com/category/security-wifi-cameras
ezviz-bug-bounty-program	Hardware found on https://www.ezviz.com/category/smart-home
ezviz-bug-bounty-program	*.hicloudcam.com,
ezviz-bug-bounty-program	*.hikops.com,
outscale	Any resource created or accessed with the Outscale Cloud on eu-west-2 region -  created by the Hunter
vincisa-public-program	vœux.vinci.com
vfs-global-bug-bounty-program	*. vfsevisa.id
expressvpn-bug-bounty-program	ExpressVPN APIs
expressvpn-bug-bounty-program	ExpressVPN VPN servers
expressvpn-bug-bounty-program	ExpressVPN Router
expressvpn-bug-bounty-program	Any Applications under https://www.expressvpn.com/latest
expressvpn-bug-bounty-program	TrustedServer 100,000 Bonus Award (See Program Policy for Info)
decathlon	https://(navigate|engage|checkout|internal|cached-api|api).shoppingapp.decathlon.com/*
tencent-bug-bounty-program	Core Assets In-Scope Products (for the full list please visit https://en.security.tencent.com/index.php/policy)
tencent-bug-bounty-program	Non Core Assets In-Scope Products (for the full list please visit https://en.security.tencent.com/index.php/policy)
bug-bounty-program-blablacar	https://edge.blablacar.(fr|de|co.uk|in|es|mx|be|hr|hu|it|nl|pl|com.br|pt|ro|ru|com|tr|com.ua))
swiss-post-evoting	Source Code
swiss-post-evoting	System Specification
swiss-post-evoting	Scenarios with Special Bounties
swiss-post-evoting	Protocol of the Swiss Post Voting System
fdj-united-online-betting-gaming-bug-bounty-program	www.unibet.(com­|it|se|co.uk|be|nl|dk|ro|ee|ie|com.au|mt)
fdj-united-online-betting-gaming-bug-bounty-program	payment.unibet.(com­|it|se|co.uk|be|nl|dk|ro|ee|ie|com.au|mt)
fdj-united-online-betting-gaming-bug-bounty-program	(se|fi|uk).bingo.com
fdj-united-online-betting-gaming-bug-bounty-program	/blog/ (or translated equivalent) endpoints on our sites
doctolib-public-bug-bounty-program	pro.doctolib.(fr|de|it) (see "Free features for healthcare professionals"))
doctolib-public-bug-bounty-program	Special scenarios (see description)
doctolib-public-bug-bounty-program	*.doctolib.(fr|de|it|com|net)
cyberghost-bug-bounty-program	CyberGhost VPN servers
cyberghost-bug-bounty-program	Applications/Extensions under https://www.cyberghostvpn.com/download
private-internet-access-bug-bounty-program	PIA VPN servers
private-internet-access-bug-bounty-program	Applications/Extensions under https://www.privateinternetaccess.com/download
pine-labs-bug-bounty-program	https://pinepgconsole.in:9099
ant-group-security-response-center-bug-bounty-program	Any Other Applications found here: https://security-en.alipay.com/home
louis-vuitton-malletier-public-bug-bounty-program	https://[it | fr | us | sg | …].louisvuitton.com
harman-international-public-bug-bounty	Device: JBL Bar 500MK2
harman-international-public-bug-bounty	Device: JBL Bar 700MK2
harman-international-public-bug-bounty	Device: JBL Bar 800MK2
harman-international-public-bug-bounty	Device: JBL PartyBox Encore 2
harman-international-public-bug-bounty	Device: JBL Live Beam 3
harman-international-public-bug-bounty	Device: JBL Flip 7
harman-international-public-bug-bounty	Device: JBL Tour One M3
harman-international-public-bug-bounty	Device: JBL Charge 5
harman-international-public-bug-bounty	Device: JBL Bar 300MK2
harman-international-public-bug-bounty	Device: JBL Bar 1000MK2
harman-international-public-bug-bounty	Device: JBL Bar 1300MK2
harman-international-public-bug-bounty	Device: JBL Authentics 200
harman-international-public-bug-bounty	Device: JBL Authentics 300
harman-international-public-bug-bounty	Device: JBL Authentics 500
harman-international-public-bug-bounty	Device: JBL Boombox 3 Wi-Fi
harman-international-public-bug-bounty	Device: JBL Charge 5 Wi-Fi
swiss-post	(*.post.ch:80|*.post.ch:443) AND 194.41.128.0/17
ezviz-bug-bounty-program	Hardware found on https://www.ezviz.com/category/security-wifi-cameras
ezviz-bug-bounty-program	Hardware found on https://www.ezviz.com/category/smart-home
ezviz-bug-bounty-program	*.hicloudcam.com,
ezviz-bug-bounty-program	*.hikops.com,
outscale	Any resource created or accessed with the Outscale Cloud on eu-west-2 region -  created by the Hunter
expressvpn-bug-bounty-program	ExpressVPN APIs
expressvpn-bug-bounty-program	ExpressVPN VPN servers
expressvpn-bug-bounty-program	ExpressVPN Router
expressvpn-bug-bounty-program	Any Applications under https://www.expressvpn.com/latest
expressvpn-bug-bounty-program	TrustedServer 100,000 Bonus Award (See Program Policy for Info)
vincisa-public-program	vœux.vinci.com
vfs-global-bug-bounty-program	*. vfsevisa.id
decathlon	https://(navigate|engage|checkout|internal|cached-api|api).shoppingapp.decathlon.com/*
tencent-bug-bounty-program	Core Assets In-Scope Products (for the full list please visit https://en.security.tencent.com/index.php/policy)
tencent-bug-bounty-program	Non Core Assets In-Scope Products (for the full list please visit https://en.security.tencent.com/index.php/policy)
bug-bounty-program-blablacar	https://edge.blablacar.(fr|de|co.uk|in|es|mx|be|hr|hu|it|nl|pl|com.br|pt|ro|ru|com|tr|com.ua))
swiss-post-evoting	Source Code
swiss-post-evoting	System Specification
swiss-post-evoting	Scenarios with Special Bounties
swiss-post-evoting	Protocol of the Swiss Post Voting System
fdj-united-online-betting-gaming-bug-bounty-program	www.unibet.(com­|it|se|co.uk|be|nl|dk|ro|ee|ie|com.au|mt)
fdj-united-online-betting-gaming-bug-bounty-program	payment.unibet.(com­|it|se|co.uk|be|nl|dk|ro|ee|ie|com.au|mt)
fdj-united-online-betting-gaming-bug-bounty-program	(se|fi|uk).bingo.com
fdj-united-online-betting-gaming-bug-bounty-program	/blog/ (or translated equivalent) endpoints on our sites
doctolib-public-bug-bounty-program	pro.doctolib.(fr|de|it) (see "Free features for healthcare professionals"))
doctolib-public-bug-bounty-program	Special scenarios (see description)
doctolib-public-bug-bounty-program	*.doctolib.(fr|de|it|com|net)
cyberghost-bug-bounty-program	CyberGhost VPN servers
cyberghost-bug-bounty-program	Applications/Extensions under https://www.cyberghostvpn.com/download
private-internet-access-bug-bounty-program	PIA VPN servers
private-internet-access-bug-bounty-program	Applications/Extensions under https://www.privateinternetaccess.com/download
pine-labs-bug-bounty-program	https://pinepgconsole.in:9099
ant-group-security-response-center-bug-bounty-program	Any Other Applications found here: https://security-en.alipay.com/home
louis-vuitton-malletier-public-bug-bounty-program	https://[it | fr | us | sg | …].louisvuitton.com
harman-international-public-bug-bounty	Device: JBL Bar 500MK2
harman-international-public-bug-bounty	Device: JBL Bar 700MK2
harman-international-public-bug-bounty	Device: JBL Bar 800MK2
harman-international-public-bug-bounty	Device: JBL PartyBox Encore 2
harman-international-public-bug-bounty	Device: JBL Live Beam 3
harman-international-public-bug-bounty	Device: JBL Flip 7
harman-international-public-bug-bounty	Device: JBL Tour One M3
harman-international-public-bug-bounty	Device: JBL Charge 5
harman-international-public-bug-bounty	Device: JBL Bar 300MK2
harman-international-public-bug-bounty	Device: JBL Bar 1000MK2
harman-international-public-bug-bounty	Device: JBL Bar 1300MK2
harman-international-public-bug-bounty	Device: JBL Authentics 200
harman-international-public-bug-bounty	Device: JBL Authentics 300
harman-international-public-bug-bounty	Device: JBL Authentics 500
harman-international-public-bug-bounty	Device: JBL Boombox 3 Wi-Fi
harman-international-public-bug-bounty	Device: JBL Charge 5 Wi-Fi
swiss-post	(*.post.ch:80|*.post.ch:443) AND 194.41.128.0/17
ezviz-bug-bounty-program	Hardware found on https://www.ezviz.com/category/security-wifi-cameras
ezviz-bug-bounty-program	Hardware found on https://www.ezviz.com/category/smart-home
ezviz-bug-bounty-program	*.hicloudcam.com,
ezviz-bug-bounty-program	*.hikops.com,
outscale	Any resource created or accessed with the Outscale Cloud on eu-west-2 region -  created by the Hunter
expressvpn-bug-bounty-program	ExpressVPN APIs
expressvpn-bug-bounty-program	ExpressVPN VPN servers
expressvpn-bug-bounty-program	ExpressVPN Router
expressvpn-bug-bounty-program	Any Applications under https://www.expressvpn.com/latest
expressvpn-bug-bounty-program	TrustedServer 100,000 Bonus Award (See Program Policy for Info)
vincisa-public-program	vœux.vinci.com
vfs-global-bug-bounty-program	*. vfsevisa.id
decathlon	https://(navigate|engage|checkout|internal|cached-api|api).shoppingapp.decathlon.com/*
tencent-bug-bounty-program	Core Assets In-Scope Products (for the full list please visit https://en.security.tencent.com/index.php/policy)
tencent-bug-bounty-program	Non Core Assets In-Scope Products (for the full list please visit https://en.security.tencent.com/index.php/policy)
bug-bounty-program-blablacar	https://edge.blablacar.(fr|de|co.uk|in|es|mx|be|hr|hu|it|nl|pl|com.br|pt|ro|ru|com|tr|com.ua))
swiss-post-evoting	Source Code
swiss-post-evoting	System Specification
swiss-post-evoting	Scenarios with Special Bounties
swiss-post-evoting	Protocol of the Swiss Post Voting System
fdj-united-online-betting-gaming-bug-bounty-program	www.unibet.(com­|it|se|co.uk|be|nl|dk|ro|ee|ie|com.au|mt)
fdj-united-online-betting-gaming-bug-bounty-program	payment.unibet.(com­|it|se|co.uk|be|nl|dk|ro|ee|ie|com.au|mt)
fdj-united-online-betting-gaming-bug-bounty-program	(se|fi|uk).bingo.com
fdj-united-online-betting-gaming-bug-bounty-program	/blog/ (or translated equivalent) endpoints on our sites
doctolib-public-bug-bounty-program	pro.doctolib.(fr|de|it) (see "Free features for healthcare professionals"))
doctolib-public-bug-bounty-program	Special scenarios (see description)
doctolib-public-bug-bounty-program	*.doctolib.(fr|de|it|com|net)
cyberghost-bug-bounty-program	CyberGhost VPN servers
cyberghost-bug-bounty-program	Applications/Extensions under https://www.cyberghostvpn.com/download
private-internet-access-bug-bounty-program	PIA VPN servers
private-internet-access-bug-bounty-program	Applications/Extensions under https://www.privateinternetaccess.com/download
pine-labs-bug-bounty-program	https://pinepgconsole.in:9099
ant-group-security-response-center-bug-bounty-program	Any Other Applications found here: https://security-en.alipay.com/home
louis-vuitton-malletier-public-bug-bounty-program	https://[it | fr | us | sg | …].louisvuitton.com
harman-international-public-bug-bounty	Device: JBL Bar 500MK2
harman-international-public-bug-bounty	Device: JBL Bar 700MK2
harman-international-public-bug-bounty	Device: JBL Bar 800MK2
harman-international-public-bug-bounty	Device: JBL PartyBox Encore 2
harman-international-public-bug-bounty	Device: JBL Live Beam 3
harman-international-public-bug-bounty	Device: JBL Flip 7
harman-international-public-bug-bounty	Device: JBL Tour One M3
harman-international-public-bug-bounty	Device: JBL Charge 5
harman-international-public-bug-bounty	Device: JBL Bar 300MK2
harman-international-public-bug-bounty	Device: JBL Bar 1000MK2
harman-international-public-bug-bounty	Device: JBL Bar 1300MK2
harman-international-public-bug-bounty	Device: JBL Authentics 200
harman-international-public-bug-bounty	Device: JBL Authentics 300
harman-international-public-bug-bounty	Device: JBL Authentics 500
harman-international-public-bug-bounty	Device: JBL Boombox 3 Wi-Fi
harman-international-public-bug-bounty	Device: JBL Charge 5 Wi-Fi
swiss-post	(*.post.ch:80|*.post.ch:443) AND 194.41.128.0/17
ezviz-bug-bounty-program	Hardware found on https://www.ezviz.com/category/security-wifi-cameras
ezviz-bug-bounty-program	Hardware found on https://www.ezviz.com/category/smart-home
ezviz-bug-bounty-program	*.hicloudcam.com,
ezviz-bug-bounty-program	*.hikops.com,
outscale	Any resource created or accessed with the Outscale Cloud on eu-west-2 region -  created by the Hunter
expressvpn-bug-bounty-program	ExpressVPN APIs
expressvpn-bug-bounty-program	ExpressVPN VPN servers
expressvpn-bug-bounty-program	ExpressVPN Router
expressvpn-bug-bounty-program	Any Applications under https://www.expressvpn.com/latest
expressvpn-bug-bounty-program	TrustedServer 100,000 Bonus Award (See Program Policy for Info)
vincisa-public-program	vœux.vinci.com
vfs-global-bug-bounty-program	*. vfsevisa.id
decathlon	https://(navigate|engage|checkout|internal|cached-api|api).shoppingapp.decathlon.com/*
tencent-bug-bounty-program	Core Assets In-Scope Products (for the full list please visit https://en.security.tencent.com/index.php/policy)
tencent-bug-bounty-program	Non Core Assets In-Scope Products (for the full list please visit https://en.security.tencent.com/index.php/policy)
bug-bounty-program-blablacar	https://edge.blablacar.(fr|de|co.uk|in|es|mx|be|hr|hu|it|nl|pl|com.br|pt|ro|ru|com|tr|com.ua))
swiss-post-evoting	Source Code
swiss-post-evoting	System Specification
swiss-post-evoting	Scenarios with Special Bounties
swiss-post-evoting	Protocol of the Swiss Post Voting System
fdj-united-online-betting-gaming-bug-bounty-program	www.unibet.(com­|it|se|co.uk|be|nl|dk|ro|ee|ie|com.au|mt)
fdj-united-online-betting-gaming-bug-bounty-program	payment.unibet.(com­|it|se|co.uk|be|nl|dk|ro|ee|ie|com.au|mt)
fdj-united-online-betting-gaming-bug-bounty-program	(se|fi|uk).bingo.com
fdj-united-online-betting-gaming-bug-bounty-program	/blog/ (or translated equivalent) endpoints on our sites
doctolib-public-bug-bounty-program	pro.doctolib.(fr|de|it) (see "Free features for healthcare professionals"))
doctolib-public-bug-bounty-program	Special scenarios (see description)
doctolib-public-bug-bounty-program	*.doctolib.(fr|de|it|com|net)
cyberghost-bug-bounty-program	CyberGhost VPN servers
cyberghost-bug-bounty-program	Applications/Extensions under https://www.cyberghostvpn.com/download
private-internet-access-bug-bounty-program	PIA VPN servers
private-internet-access-bug-bounty-program	Applications/Extensions under https://www.privateinternetaccess.com/download
pine-labs-bug-bounty-program	https://pinepgconsole.in:9099
ant-group-security-response-center-bug-bounty-program	Any Other Applications found here: https://security-en.alipay.com/home
louis-vuitton-malletier-public-bug-bounty-program	https://[it | fr | us | sg | …].louisvuitton.com
harman-international-public-bug-bounty	Device: JBL Bar 500MK2
harman-international-public-bug-bounty	Device: JBL Bar 700MK2
harman-international-public-bug-bounty	Device: JBL Bar 800MK2
harman-international-public-bug-bounty	Device: JBL PartyBox Encore 2
harman-international-public-bug-bounty	Device: JBL Live Beam 3
harman-international-public-bug-bounty	Device: JBL Flip 7
harman-international-public-bug-bounty	Device: JBL Tour One M3
harman-international-public-bug-bounty	Device: JBL Charge 5
harman-international-public-bug-bounty	Device: JBL Bar 300MK2
harman-international-public-bug-bounty	Device: JBL Bar 1000MK2
harman-international-public-bug-bounty	Device: JBL Bar 1300MK2
harman-international-public-bug-bounty	Device: JBL Authentics 200
harman-international-public-bug-bounty	Device: JBL Authentics 300
harman-international-public-bug-bounty	Device: JBL Authentics 500
harman-international-public-bug-bounty	Device: JBL Boombox 3 Wi-Fi
harman-international-public-bug-bounty	Device: JBL Charge 5 Wi-Fi
swiss-post	(*.post.ch:80|*.post.ch:443) AND 194.41.128.0/17
ezviz-bug-bounty-program	Hardware found on https://www.ezviz.com/category/security-wifi-cameras
ezviz-bug-bounty-program	Hardware found on https://www.ezviz.com/category/smart-home
ezviz-bug-bounty-program	*.hicloudcam.com,
ezviz-bug-bounty-program	*.hikops.com,
outscale	Any resource created or accessed with the Outscale Cloud on eu-west-2 region -  created by the Hunter
expressvpn-bug-bounty-program	ExpressVPN APIs
expressvpn-bug-bounty-program	ExpressVPN VPN servers
expressvpn-bug-bounty-program	ExpressVPN Router
expressvpn-bug-bounty-program	Any Applications under https://www.expressvpn.com/latest
expressvpn-bug-bounty-program	TrustedServer 100,000 Bonus Award (See Program Policy for Info)
vincisa-public-program	vœux.vinci.com
vfs-global-bug-bounty-program	*. vfsevisa.id
decathlon	https://(navigate|engage|checkout|internal|cached-api|api).shoppingapp.decathlon.com/*
tencent-bug-bounty-program	Core Assets In-Scope Products (for the full list please visit https://en.security.tencent.com/index.php/policy)
tencent-bug-bounty-program	Non Core Assets In-Scope Products (for the full list please visit https://en.security.tencent.com/index.php/policy)
bug-bounty-program-blablacar	https://edge.blablacar.(fr|de|co.uk|in|es|mx|be|hr|hu|it|nl|pl|com.br|pt|ro|ru|com|tr|com.ua))
swiss-post-evoting	Source Code
swiss-post-evoting	System Specification
swiss-post-evoting	Scenarios with Special Bounties
swiss-post-evoting	Protocol of the Swiss Post Voting System
fdj-united-online-betting-gaming-bug-bounty-program	www.unibet.(com­|it|se|co.uk|be|nl|dk|ro|ee|ie|com.au|mt)
fdj-united-online-betting-gaming-bug-bounty-program	payment.unibet.(com­|it|se|co.uk|be|nl|dk|ro|ee|ie|com.au|mt)
fdj-united-online-betting-gaming-bug-bounty-program	(se|fi|uk).bingo.com
fdj-united-online-betting-gaming-bug-bounty-program	/blog/ (or translated equivalent) endpoints on our sites
doctolib-public-bug-bounty-program	pro.doctolib.(fr|de|it) (see "Free features for healthcare professionals"))
doctolib-public-bug-bounty-program	Special scenarios (see description)
doctolib-public-bug-bounty-program	*.doctolib.(fr|de|it|com|net)
cyberghost-bug-bounty-program	CyberGhost VPN servers
cyberghost-bug-bounty-program	Applications/Extensions under https://www.cyberghostvpn.com/download
private-internet-access-bug-bounty-program	PIA VPN servers
private-internet-access-bug-bounty-program	Applications/Extensions under https://www.privateinternetaccess.com/download
pine-labs-bug-bounty-program	https://pinepgconsole.in:9099
ant-group-security-response-center-bug-bounty-program	Any Other Applications found here: https://security-en.alipay.com/home
louis-vuitton-malletier-public-bug-bounty-program	https://[it | fr | us | sg | …].louisvuitton.com
harman-international-public-bug-bounty	Device: JBL Bar 500MK2
harman-international-public-bug-bounty	Device: JBL Bar 700MK2
harman-international-public-bug-bounty	Device: JBL Bar 800MK2
harman-international-public-bug-bounty	Device: JBL PartyBox Encore 2
harman-international-public-bug-bounty	Device: JBL Live Beam 3
harman-international-public-bug-bounty	Device: JBL Flip 7
harman-international-public-bug-bounty	Device: JBL Tour One M3
harman-international-public-bug-bounty	Device: JBL Charge 5
harman-international-public-bug-bounty	Device: JBL Bar 300MK2
harman-international-public-bug-bounty	Device: JBL Bar 1000MK2
harman-international-public-bug-bounty	Device: JBL Bar 1300MK2
harman-international-public-bug-bounty	Device: JBL Authentics 200
harman-international-public-bug-bounty	Device: JBL Authentics 300
harman-international-public-bug-bounty	Device: JBL Authentics 500
harman-international-public-bug-bounty	Device: JBL Boombox 3 Wi-Fi
harman-international-public-bug-bounty	Device: JBL Charge 5 Wi-Fi
swiss-post	(*.post.ch:80|*.post.ch:443) AND 194.41.128.0/17
ezviz-bug-bounty-program	Hardware found on https://www.ezviz.com/category/security-wifi-cameras
ezviz-bug-bounty-program	Hardware found on https://www.ezviz.com/category/smart-home
ezviz-bug-bounty-program	*.hicloudcam.com,
ezviz-bug-bounty-program	*.hikops.com,
outscale	Any resource created or accessed with the Outscale Cloud on eu-west-2 region -  created by the Hunter
expressvpn-bug-bounty-program	ExpressVPN APIs
expressvpn-bug-bounty-program	ExpressVPN VPN servers
expressvpn-bug-bounty-program	ExpressVPN Router
expressvpn-bug-bounty-program	Any Applications under https://www.expressvpn.com/latest
expressvpn-bug-bounty-program	TrustedServer 100,000 Bonus Award (See Program Policy for Info)
vincisa-public-program	vœux.vinci.com
vfs-global-bug-bounty-program	*. vfsevisa.id
decathlon	https://(navigate|engage|checkout|internal|cached-api|api).shoppingapp.decathlon.com/*
tencent-bug-bounty-program	Core Assets In-Scope Products (for the full list please visit https://en.security.tencent.com/index.php/policy)
tencent-bug-bounty-program	Non Core Assets In-Scope Products (for the full list please visit https://en.security.tencent.com/index.php/policy)
bug-bounty-program-blablacar	https://edge.blablacar.(fr|de|co.uk|in|es|mx|be|hr|hu|it|nl|pl|com.br|pt|ro|ru|com|tr|com.ua))
swiss-post-evoting	Source Code
swiss-post-evoting	System Specification
swiss-post-evoting	Scenarios with Special Bounties
swiss-post-evoting	Protocol of the Swiss Post Voting System
fdj-united-online-betting-gaming-bug-bounty-program	www.unibet.(com­|it|se|co.uk|be|nl|dk|ro|ee|ie|com.au|mt)
fdj-united-online-betting-gaming-bug-bounty-program	payment.unibet.(com­|it|se|co.uk|be|nl|dk|ro|ee|ie|com.au|mt)
fdj-united-online-betting-gaming-bug-bounty-program	(se|fi|uk).bingo.com
fdj-united-online-betting-gaming-bug-bounty-program	/blog/ (or translated equivalent) endpoints on our sites
doctolib-public-bug-bounty-program	pro.doctolib.(fr|de|it) (see "Free features for healthcare professionals"))
doctolib-public-bug-bounty-program	Special scenarios (see description)
doctolib-public-bug-bounty-program	*.doctolib.(fr|de|it|com|net)
cyberghost-bug-bounty-program	CyberGhost VPN servers
cyberghost-bug-bounty-program	Applications/Extensions under https://www.cyberghostvpn.com/download
private-internet-access-bug-bounty-program	PIA VPN servers
private-internet-access-bug-bounty-program	Applications/Extensions under https://www.privateinternetaccess.com/download
pine-labs-bug-bounty-program	https://pinepgconsole.in:9099
ant-group-security-response-center-bug-bounty-program	Any Other Applications found here: https://security-en.alipay.com/home
louis-vuitton-malletier-public-bug-bounty-program	https://[it | fr | us | sg | …].louisvuitton.com
harman-international-public-bug-bounty	Device: JBL Bar 500MK2
harman-international-public-bug-bounty	Device: JBL Bar 700MK2
harman-international-public-bug-bounty	Device: JBL Bar 800MK2
harman-international-public-bug-bounty	Device: JBL PartyBox Encore 2
harman-international-public-bug-bounty	Device: JBL Live Beam 3
harman-international-public-bug-bounty	Device: JBL Flip 7
harman-international-public-bug-bounty	Device: JBL Tour One M3
harman-international-public-bug-bounty	Device: JBL Charge 5
harman-international-public-bug-bounty	Device: JBL Bar 300MK2
harman-international-public-bug-bounty	Device: JBL Bar 1000MK2
harman-international-public-bug-bounty	Device: JBL Bar 1300MK2
harman-international-public-bug-bounty	Device: JBL Authentics 200
harman-international-public-bug-bounty	Device: JBL Authentics 300
harman-international-public-bug-bounty	Device: JBL Authentics 500
harman-international-public-bug-bounty	Device: JBL Boombox 3 Wi-Fi
harman-international-public-bug-bounty	Device: JBL Charge 5 Wi-Fi
swiss-post	(*.post.ch:80|*.post.ch:443) AND 194.41.128.0/17
ezviz-bug-bounty-program	Hardware found on https://www.ezviz.com/category/security-wifi-cameras
ezviz-bug-bounty-program	Hardware found on https://www.ezviz.com/category/smart-home
ezviz-bug-bounty-program	*.hicloudcam.com,
ezviz-bug-bounty-program	*.hikops.com,
outscale	Any resource created or accessed with the Outscale Cloud on eu-west-2 region -  created by the Hunter
expressvpn-bug-bounty-program	ExpressVPN APIs
expressvpn-bug-bounty-program	ExpressVPN VPN servers
expressvpn-bug-bounty-program	ExpressVPN Router
expressvpn-bug-bounty-program	Any Applications under https://www.expressvpn.com/latest
expressvpn-bug-bounty-program	TrustedServer 100,000 Bonus Award (See Program Policy for Info)
vincisa-public-program	vœux.vinci.com
vfs-global-bug-bounty-program	*. vfsevisa.id
decathlon	https://(navigate|engage|checkout|internal|cached-api|api).shoppingapp.decathlon.com/*
tencent-bug-bounty-program	Core Assets In-Scope Products (for the full list please visit https://en.security.tencent.com/index.php/policy)
tencent-bug-bounty-program	Non Core Assets In-Scope Products (for the full list please visit https://en.security.tencent.com/index.php/policy)
bug-bounty-program-blablacar	https://edge.blablacar.(fr|de|co.uk|in|es|mx|be|hr|hu|it|nl|pl|com.br|pt|ro|ru|com|tr|com.ua))
swiss-post-evoting	Source Code
swiss-post-evoting	System Specification
swiss-post-evoting	Scenarios with Special Bounties
swiss-post-evoting	Protocol of the Swiss Post Voting System
fdj-united-online-betting-gaming-bug-bounty-program	www.unibet.(com­|it|se|co.uk|be|nl|dk|ro|ee|ie|com.au|mt)
fdj-united-online-betting-gaming-bug-bounty-program	payment.unibet.(com­|it|se|co.uk|be|nl|dk|ro|ee|ie|com.au|mt)
fdj-united-online-betting-gaming-bug-bounty-program	(se|fi|uk).bingo.com
fdj-united-online-betting-gaming-bug-bounty-program	/blog/ (or translated equivalent) endpoints on our sites
doctolib-public-bug-bounty-program	pro.doctolib.(fr|de|it) (see "Free features for healthcare professionals"))
doctolib-public-bug-bounty-program	Special scenarios (see description)
doctolib-public-bug-bounty-program	*.doctolib.(fr|de|it|com|net)
expressvpn-bug-bounty-program	ExpressVPN APIs
expressvpn-bug-bounty-program	ExpressVPN VPN servers
expressvpn-bug-bounty-program	ExpressVPN Router
expressvpn-bug-bounty-program	Any Applications under https://www.expressvpn.com/latest
expressvpn-bug-bounty-program	TrustedServer 100,000 Bonus Award (See Program Policy for Info)
vincisa-public-program	vœux.vinci.com
vfs-global-bug-bounty-program	*. vfsevisa.id
decathlon	https://(navigate|engage|checkout|internal|cached-api|api).shoppingapp.decathlon.com/*
tencent-bug-bounty-program	Core Assets In-Scope Products (for the full list please visit https://en.security.tencent.com/index.php/policy)
tencent-bug-bounty-program	Non Core Assets In-Scope Products (for the full list please visit https://en.security.tencent.com/index.php/policy)
bug-bounty-program-blablacar	https://edge.blablacar.(fr|de|co.uk|in|es|mx|be|hr|hu|it|nl|pl|com.br|pt|ro|ru|com|tr|com.ua))
swiss-post-evoting	Source Code
swiss-post-evoting	System Specification
swiss-post-evoting	Scenarios with Special Bounties
swiss-post-evoting	Protocol of the Swiss Post Voting System
fdj-united-online-betting-gaming-bug-bounty-program	www.unibet.(com­|it|se|co.uk|be|nl|dk|ro|ee|ie|com.au|mt)
fdj-united-online-betting-gaming-bug-bounty-program	payment.unibet.(com­|it|se|co.uk|be|nl|dk|ro|ee|ie|com.au|mt)
fdj-united-online-betting-gaming-bug-bounty-program	(se|fi|uk).bingo.com
fdj-united-online-betting-gaming-bug-bounty-program	/blog/ (or translated equivalent) endpoints on our sites
doctolib-public-bug-bounty-program	pro.doctolib.(fr|de|it) (see "Free features for healthcare professionals"))
doctolib-public-bug-bounty-program	Special scenarios (see description)
doctolib-public-bug-bounty-program	*.doctolib.(fr|de|it|com|net)
cyberghost-bug-bounty-program	CyberGhost VPN servers
cyberghost-bug-bounty-program	Applications/Extensions under https://www.cyberghostvpn.com/download
private-internet-access-bug-bounty-program	PIA VPN servers
private-internet-access-bug-bounty-program	Applications/Extensions under https://www.privateinternetaccess.com/download
pine-labs-bug-bounty-program	https://pinepgconsole.in:9099
ant-group-security-response-center-bug-bounty-program	Any Other Applications found here: https://security-en.alipay.com/home
louis-vuitton-malletier-public-bug-bounty-program	https://[it | fr | us | sg | …].louisvuitton.com
harman-international-public-bug-bounty	Device: JBL Bar 500MK2
harman-international-public-bug-bounty	Device: JBL Bar 700MK2
harman-international-public-bug-bounty	Device: JBL Bar 800MK2
harman-international-public-bug-bounty	Device: JBL PartyBox Encore 2
harman-international-public-bug-bounty	Device: JBL Live Beam 3
harman-international-public-bug-bounty	Device: JBL Flip 7
harman-international-public-bug-bounty	Device: JBL Tour One M3
harman-international-public-bug-bounty	Device: JBL Charge 5
harman-international-public-bug-bounty	Device: JBL Bar 300MK2
harman-international-public-bug-bounty	Device: JBL Bar 1000MK2
harman-international-public-bug-bounty	Device: JBL Bar 1300MK2
harman-international-public-bug-bounty	Device: JBL Authentics 200
harman-international-public-bug-bounty	Device: JBL Authentics 300
harman-international-public-bug-bounty	Device: JBL Authentics 500
harman-international-public-bug-bounty	Device: JBL Boombox 3 Wi-Fi
harman-international-public-bug-bounty	Device: JBL Charge 5 Wi-Fi
swiss-post	(*.post.ch:80|*.post.ch:443) AND 194.41.128.0/17
ezviz-bug-bounty-program	Hardware found on https://www.ezviz.com/category/security-wifi-cameras
ezviz-bug-bounty-program	Hardware found on https://www.ezviz.com/category/smart-home
ezviz-bug-bounty-program	*.hicloudcam.com,
ezviz-bug-bounty-program	*.hikops.com,
outscale	Any resource created or accessed with the Outscale Cloud on eu-west-2 region -  created by the Hunter
bug-bounty-program-blablacar	https://edge.blablacar.(fr|de|co.uk|in|es|mx|be|hr|hu|it|nl|pl|com.br|pt|ro|ru|com|tr|com.ua))
expressvpn-bug-bounty-program	ExpressVPN APIs
expressvpn-bug-bounty-program	ExpressVPN VPN servers
expressvpn-bug-bounty-program	ExpressVPN Router
expressvpn-bug-bounty-program	Any Applications under https://www.expressvpn.com/latest
expressvpn-bug-bounty-program	TrustedServer 100,000 Bonus Award (See Program Policy for Info)
vincisa-public-program	vœux.vinci.com
vfs-global-bug-bounty-program	*. vfsevisa.id
decathlon	https://(navigate|engage|checkout|internal|cached-api|api).shoppingapp.decathlon.com/*
tencent-bug-bounty-program	Core Assets In-Scope Products (for the full list please visit https://en.security.tencent.com/index.php/policy)
tencent-bug-bounty-program	Non Core Assets In-Scope Products (for the full list please visit https://en.security.tencent.com/index.php/policy)
swiss-post-evoting	Source Code
swiss-post-evoting	System Specification
swiss-post-evoting	Scenarios with Special Bounties
swiss-post-evoting	Protocol of the Swiss Post Voting System
fdj-united-online-betting-gaming-bug-bounty-program	www.unibet.(com­|it|se|co.uk|be|nl|dk|ro|ee|ie|com.au|mt)
fdj-united-online-betting-gaming-bug-bounty-program	payment.unibet.(com­|it|se|co.uk|be|nl|dk|ro|ee|ie|com.au|mt)
fdj-united-online-betting-gaming-bug-bounty-program	(se|fi|uk).bingo.com
fdj-united-online-betting-gaming-bug-bounty-program	/blog/ (or translated equivalent) endpoints on our sites
doctolib-public-bug-bounty-program	pro.doctolib.(fr|de|it) (see "Free features for healthcare professionals"))
doctolib-public-bug-bounty-program	Special scenarios (see description)
doctolib-public-bug-bounty-program	*.doctolib.(fr|de|it|com|net)
cyberghost-bug-bounty-program	CyberGhost VPN servers
cyberghost-bug-bounty-program	Applications/Extensions under https://www.cyberghostvpn.com/download
private-internet-access-bug-bounty-program	PIA VPN servers
private-internet-access-bug-bounty-program	Applications/Extensions under https://www.privateinternetaccess.com/download
pine-labs-bug-bounty-program	https://pinepgconsole.in:9099
ant-group-security-response-center-bug-bounty-program	Any Other Applications found here: https://security-en.alipay.com/home
louis-vuitton-malletier-public-bug-bounty-program	https://[it | fr | us | sg | …].louisvuitton.com
harman-international-public-bug-bounty	Device: JBL Bar 500MK2
harman-international-public-bug-bounty	Device: JBL Bar 700MK2
harman-international-public-bug-bounty	Device: JBL Bar 800MK2
harman-international-public-bug-bounty	Device: JBL PartyBox Encore 2
harman-international-public-bug-bounty	Device: JBL Live Beam 3
harman-international-public-bug-bounty	Device: JBL Flip 7
harman-international-public-bug-bounty	Device: JBL Tour One M3
harman-international-public-bug-bounty	Device: JBL Charge 5
harman-international-public-bug-bounty	Device: JBL Bar 300MK2
harman-international-public-bug-bounty	Device: JBL Bar 1000MK2
harman-international-public-bug-bounty	Device: JBL Bar 1300MK2
harman-international-public-bug-bounty	Device: JBL Authentics 200
harman-international-public-bug-bounty	Device: JBL Authentics 300
harman-international-public-bug-bounty	Device: JBL Authentics 500
harman-international-public-bug-bounty	Device: JBL Boombox 3 Wi-Fi
harman-international-public-bug-bounty	Device: JBL Charge 5 Wi-Fi
swiss-post	(*.post.ch:80|*.post.ch:443) AND 194.41.128.0/17
ezviz-bug-bounty-program	Hardware found on https://www.ezviz.com/category/security-wifi-cameras
ezviz-bug-bounty-program	Hardware found on https://www.ezviz.com/category/smart-home
ezviz-bug-bounty-program	*.hicloudcam.com,
ezviz-bug-bounty-program	*.hikops.com,
outscale	Any resource created or accessed with the Outscale Cloud on eu-west-2 region -  created by the Hunter
bug-bounty-program-blablacar	https://edge.blablacar.(fr|de|co.uk|in|es|mx|be|hr|hu|it|nl|pl|com.br|pt|ro|ru|com|tr|com.ua))
expressvpn-bug-bounty-program	ExpressVPN APIs
expressvpn-bug-bounty-program	ExpressVPN VPN servers
expressvpn-bug-bounty-program	ExpressVPN Router
expressvpn-bug-bounty-program	Any Applications under https://www.expressvpn.com/latest
expressvpn-bug-bounty-program	TrustedServer 100,000 Bonus Award (See Program Policy for Info)
vincisa-public-program	vœux.vinci.com
vfs-global-bug-bounty-program	*. vfsevisa.id
decathlon	https://(navigate|engage|checkout|internal|cached-api|api).shoppingapp.decathlon.com/*
tencent-bug-bounty-program	Core Assets In-Scope Products (for the full list please visit https://en.security.tencent.com/index.php/policy)
tencent-bug-bounty-program	Non Core Assets In-Scope Products (for the full list please visit https://en.security.tencent.com/index.php/policy)
swiss-post-evoting	Source Code
swiss-post-evoting	System Specification
swiss-post-evoting	Scenarios with Special Bounties
swiss-post-evoting	Protocol of the Swiss Post Voting System
fdj-united-online-betting-gaming-bug-bounty-program	www.unibet.(com­|it|se|co.uk|be|nl|dk|ro|ee|ie|com.au|mt)
fdj-united-online-betting-gaming-bug-bounty-program	payment.unibet.(com­|it|se|co.uk|be|nl|dk|ro|ee|ie|com.au|mt)
fdj-united-online-betting-gaming-bug-bounty-program	(se|fi|uk).bingo.com
fdj-united-online-betting-gaming-bug-bounty-program	/blog/ (or translated equivalent) endpoints on our sites
doctolib-public-bug-bounty-program	pro.doctolib.(fr|de|it) (see "Free features for healthcare professionals"))
doctolib-public-bug-bounty-program	Special scenarios (see description)
doctolib-public-bug-bounty-program	*.doctolib.(fr|de|it|com|net)
cyberghost-bug-bounty-program	CyberGhost VPN servers
cyberghost-bug-bounty-program	Applications/Extensions under https://www.cyberghostvpn.com/download
private-internet-access-bug-bounty-program	PIA VPN servers
private-internet-access-bug-bounty-program	Applications/Extensions under https://www.privateinternetaccess.com/download
pine-labs-bug-bounty-program	https://pinepgconsole.in:9099
ant-group-security-response-center-bug-bounty-program	Any Other Applications found here: https://security-en.alipay.com/home
dovecot	Dovecot IMAP Server and Pigeonhole SIEVE (see "Software packages" and "Source code")
louis-vuitton-malletier-public-bug-bounty-program	https://[it | fr | us | sg | …].louisvuitton.com
harman-international-public-bug-bounty	Device: JBL Bar 500MK2
harman-international-public-bug-bounty	Device: JBL Bar 700MK2
harman-international-public-bug-bounty	Device: JBL Bar 800MK2
harman-international-public-bug-bounty	Device: JBL PartyBox Encore 2
harman-international-public-bug-bounty	Device: JBL Live Beam 3
harman-international-public-bug-bounty	Device: JBL Flip 7
harman-international-public-bug-bounty	Device: JBL Tour One M3
harman-international-public-bug-bounty	Device: JBL Charge 5
harman-international-public-bug-bounty	Device: JBL Bar 300MK2
harman-international-public-bug-bounty	Device: JBL Bar 1000MK2
harman-international-public-bug-bounty	Device: JBL Bar 1300MK2
harman-international-public-bug-bounty	Device: JBL Authentics 200
harman-international-public-bug-bounty	Device: JBL Authentics 300
harman-international-public-bug-bounty	Device: JBL Authentics 500
harman-international-public-bug-bounty	Device: JBL Boombox 3 Wi-Fi
harman-international-public-bug-bounty	Device: JBL Charge 5 Wi-Fi
swiss-post	(*.post.ch:80|*.post.ch:443) AND 194.41.128.0/17
ezviz-bug-bounty-program	Hardware found on https://www.ezviz.com/category/security-wifi-cameras
ezviz-bug-bounty-program	Hardware found on https://www.ezviz.com/category/smart-home
ezviz-bug-bounty-program	*.hicloudcam.com,
ezviz-bug-bounty-program	*.hikops.com,
outscale	Any resource created or accessed with the Outscale Cloud on eu-west-2 region -  created by the Hunter
bug-bounty-program-blablacar	https://edge.blablacar.(fr|de|co.uk|in|es|mx|be|hr|hu|it|nl|pl|com.br|pt|ro|ru|com|tr|com.ua))
expressvpn-bug-bounty-program	ExpressVPN APIs
expressvpn-bug-bounty-program	ExpressVPN VPN servers
expressvpn-bug-bounty-program	ExpressVPN Router
expressvpn-bug-bounty-program	Any Applications under https://www.expressvpn.com/latest
expressvpn-bug-bounty-program	TrustedServer 100,000 Bonus Award (See Program Policy for Info)
vincisa-public-program	vœux.vinci.com
vfs-global-bug-bounty-program	*. vfsevisa.id
decathlon	https://(navigate|engage|checkout|internal|cached-api|api).shoppingapp.decathlon.com/*
tencent-bug-bounty-program	Core Assets In-Scope Products (for the full list please visit https://en.security.tencent.com/index.php/policy)
tencent-bug-bounty-program	Non Core Assets In-Scope Products (for the full list please visit https://en.security.tencent.com/index.php/policy)
swiss-post-evoting	Source Code
swiss-post-evoting	System Specification
swiss-post-evoting	Scenarios with Special Bounties
swiss-post-evoting	Protocol of the Swiss Post Voting System
fdj-united-online-betting-gaming-bug-bounty-program	www.unibet.(com­|it|se|co.uk|be|nl|dk|ro|ee|ie|com.au|mt)
fdj-united-online-betting-gaming-bug-bounty-program	payment.unibet.(com­|it|se|co.uk|be|nl|dk|ro|ee|ie|com.au|mt)
fdj-united-online-betting-gaming-bug-bounty-program	(se|fi|uk).bingo.com
fdj-united-online-betting-gaming-bug-bounty-program	/blog/ (or translated equivalent) endpoints on our sites
doctolib-public-bug-bounty-program	pro.doctolib.(fr|de|it) (see "Free features for healthcare professionals"))
doctolib-public-bug-bounty-program	Special scenarios (see description)
doctolib-public-bug-bounty-program	*.doctolib.(fr|de|it|com|net)
cyberghost-bug-bounty-program	CyberGhost VPN servers
cyberghost-bug-bounty-program	Applications/Extensions under https://www.cyberghostvpn.com/download
private-internet-access-bug-bounty-program	PIA VPN servers
private-internet-access-bug-bounty-program	Applications/Extensions under https://www.privateinternetaccess.com/download
pine-labs-bug-bounty-program	https://pinepgconsole.in:9099
ant-group-security-response-center-bug-bounty-program	Any Other Applications found here: https://security-en.alipay.com/home
dovecot	Dovecot IMAP Server and Pigeonhole SIEVE (see "Software packages" and "Source code")
louis-vuitton-malletier-public-bug-bounty-program	https://[it | fr | us | sg | …].louisvuitton.com
harman-international-public-bug-bounty	Device: JBL Bar 500MK2
harman-international-public-bug-bounty	Device: JBL Bar 700MK2
harman-international-public-bug-bounty	Device: JBL Bar 800MK2
harman-international-public-bug-bounty	Device: JBL PartyBox Encore 2
harman-international-public-bug-bounty	Device: JBL Live Beam 3
harman-international-public-bug-bounty	Device: JBL Flip 7
harman-international-public-bug-bounty	Device: JBL Tour One M3
harman-international-public-bug-bounty	Device: JBL Charge 5
harman-international-public-bug-bounty	Device: JBL Bar 300MK2
harman-international-public-bug-bounty	Device: JBL Bar 1000MK2
harman-international-public-bug-bounty	Device: JBL Bar 1300MK2
harman-international-public-bug-bounty	Device: JBL Authentics 200
harman-international-public-bug-bounty	Device: JBL Authentics 300
harman-international-public-bug-bounty	Device: JBL Authentics 500
harman-international-public-bug-bounty	Device: JBL Boombox 3 Wi-Fi
harman-international-public-bug-bounty	Device: JBL Charge 5 Wi-Fi
swiss-post	(*.post.ch:80|*.post.ch:443) AND 194.41.128.0/17
ezviz-bug-bounty-program	Hardware found on https://www.ezviz.com/category/security-wifi-cameras
ezviz-bug-bounty-program	Hardware found on https://www.ezviz.com/category/smart-home
ezviz-bug-bounty-program	*.hicloudcam.com,
ezviz-bug-bounty-program	*.hikops.com,
outscale	Any resource created or accessed with the Outscale Cloud on eu-west-2 region -  created by the Hunter
swiss-post	(*.post.ch:80|*.post.ch:443) AND 194.41.128.0/17
outscale	Any resource created or accessed with the Outscale Cloud on eu-west-2 region -  created by the Hunter
private-internet-access-bug-bounty-program	PIA VPN servers
private-internet-access-bug-bounty-program	Applications/Extensions under https://www.privateinternetaccess.com/download
expressvpn-bug-bounty-program	ExpressVPN APIs
expressvpn-bug-bounty-program	ExpressVPN VPN servers
expressvpn-bug-bounty-program	ExpressVPN Router
expressvpn-bug-bounty-program	Any Applications under https://www.expressvpn.com/latest
expressvpn-bug-bounty-program	TrustedServer 100,000 Bonus Award (See Program Policy for Info)
cyberghost-bug-bounty-program	CyberGhost VPN servers
cyberghost-bug-bounty-program	Applications/Extensions under https://www.cyberghostvpn.com/download
bug-bounty-program-blablacar	https://edge.blablacar.(fr|de|co.uk|in|es|mx|be|hr|hu|it|nl|pl|com.br|pt|ro|ru|com|tr|com.ua))
vincisa-public-program	vœux.vinci.com
vfs-global-bug-bounty-program	*. vfsevisa.id
decathlon	https://(navigate|engage|checkout|internal|cached-api|api).shoppingapp.decathlon.com/*
tencent-bug-bounty-program	Core Assets In-Scope Products (for the full list please visit https://en.security.tencent.com/index.php/policy)
tencent-bug-bounty-program	Non Core Assets In-Scope Products (for the full list please visit https://en.security.tencent.com/index.php/policy)
swiss-post-evoting	Source Code
swiss-post-evoting	System Specification
swiss-post-evoting	Scenarios with Special Bounties
swiss-post-evoting	Protocol of the Swiss Post Voting System
fdj-united-online-betting-gaming-bug-bounty-program	www.unibet.(com­|it|se|co.uk|be|nl|dk|ro|ee|ie|com.au|mt)
fdj-united-online-betting-gaming-bug-bounty-program	payment.unibet.(com­|it|se|co.uk|be|nl|dk|ro|ee|ie|com.au|mt)
fdj-united-online-betting-gaming-bug-bounty-program	(se|fi|uk).bingo.com
fdj-united-online-betting-gaming-bug-bounty-program	/blog/ (or translated equivalent) endpoints on our sites
doctolib-public-bug-bounty-program	pro.doctolib.(fr|de|it) (see "Free features for healthcare professionals"))
doctolib-public-bug-bounty-program	Special scenarios (see description)
doctolib-public-bug-bounty-program	*.doctolib.(fr|de|it|com|net)
pine-labs-bug-bounty-program	https://pinepgconsole.in:9099
ant-group-security-response-center-bug-bounty-program	Any Other Applications found here: https://security-en.alipay.com/home
louis-vuitton-malletier-public-bug-bounty-program	https://[it | fr | us | sg | …].louisvuitton.com
harman-international-public-bug-bounty	Device: JBL Bar 500MK2
harman-international-public-bug-bounty	Device: JBL Bar 700MK2
harman-international-public-bug-bounty	Device: JBL Bar 800MK2
harman-international-public-bug-bounty	Device: JBL PartyBox Encore 2
harman-international-public-bug-bounty	Device: JBL Live Beam 3
harman-international-public-bug-bounty	Device: JBL Flip 7
harman-international-public-bug-bounty	Device: JBL Tour One M3
harman-international-public-bug-bounty	Device: JBL Charge 5
harman-international-public-bug-bounty	Device: JBL Bar 300MK2
harman-international-public-bug-bounty	Device: JBL Bar 1000MK2
harman-international-public-bug-bounty	Device: JBL Bar 1300MK2
harman-international-public-bug-bounty	Device: JBL Authentics 200
harman-international-public-bug-bounty	Device: JBL Authentics 300
harman-international-public-bug-bounty	Device: JBL Authentics 500
harman-international-public-bug-bounty	Device: JBL Boombox 3 Wi-Fi
harman-international-public-bug-bounty	Device: JBL Charge 5 Wi-Fi
ezviz-bug-bounty-program	Hardware found on https://www.ezviz.com/category/security-wifi-cameras
ezviz-bug-bounty-program	Hardware found on https://www.ezviz.com/category/smart-home
ezviz-bug-bounty-program	*.hicloudcam.com,
ezviz-bug-bounty-program	*.hikops.com,
swiss-post	(*.post.ch:80|*.post.ch:443) AND 194.41.128.0/17
private-internet-access-bug-bounty-program	PIA VPN servers
private-internet-access-bug-bounty-program	Applications/Extensions under https://www.privateinternetaccess.com/download
expressvpn-bug-bounty-program	ExpressVPN APIs
expressvpn-bug-bounty-program	ExpressVPN VPN servers
expressvpn-bug-bounty-program	ExpressVPN Router
expressvpn-bug-bounty-program	Any Applications under https://www.expressvpn.com/latest
expressvpn-bug-bounty-program	TrustedServer 100,000 Bonus Award (See Program Policy for Info)
cyberghost-bug-bounty-program	CyberGhost VPN servers
cyberghost-bug-bounty-program	Applications/Extensions under https://www.cyberghostvpn.com/download
